// Vitest Snapshot v1, https://vitest.dev/guide/snapshot.html

exports[`Logic/GameFlow InitializeGameStateWithTwoPlayers play-test: logic-gameflow--initialize-game-state-with-two-players.png 1`] = `
{
  "data": [
    137,
    80,
    78,
    71,
    13,
    10,
    26,
    10,
    0,
    0,
    0,
    13,
    73,
    72,
    68,
    82,
    0,
    0,
    5,
    0,
    0,
    0,
    2,
    208,
    8,
    2,
    0,
    0,
    0,
    64,
    31,
    74,
    1,
    0,
    0,
    16,
    0,
    73,
    68,
    65,
    84,
    120,
    156,
    236,
    221,
    121,
    188,
    93,
    243,
    189,
    255,
    241,
    157,
    72,
    130,
    76,
    78,
    68,
    34,
    19,
    137,
    24,
    99,
    30,
    130,
    170,
    49,
    40,
    45,
    110,
    80,
    173,
    184,
    134,
    75,
    175,
    161,
    126,
    180,
    15,
    169,
    70,
    75,
    91,
    90,
    46,
    109,
    213,
    213,
    226,
    33,
    45,
    130,
    146,
    91,
    52,
    105,
    105,
    248,
    33,
    141,
    153,
    107,
    168,
    161,
    136,
    33,
    17,
    130,
    76,
    50,
    207,
    113,
    50,
    39,
    238,
    247,
    156,
    221,
    158,
    155,
    71,
    52,
    105,
    90,
    37,
    122,
    223,
    207,
    231,
    227,
    60,
    214,
    99,
    159,
    181,
    215,
    94,
    123,
    239,
    149,
    63,
    242,
    120,
    157,
    207,
    218,
    107,
    55,
    169,
    173,
    29,
    93,
    1,
    0,
    0,
    128,
    255,
    235,
    154,
    84,
    0,
    0,
    0,
    32,
    128,
    0,
    6,
    0,
    0,
    32,
    130,
    0,
    6,
    0,
    0,
    32,
    130,
    0,
    6,
    0,
    0,
    32,
    130,
    0,
    6,
    0,
    0,
    32,
    130,
    0,
    6,
    0,
    0,
    32,
    130,
    0,
    6,
    0,
    0,
    32,
    130,
    0,
    6,
    0,
    0,
    32,
    130,
    0,
    6,
    0,
    0,
    32,
    130,
    0,
    6,
    0,
    0,
    32,
    130,
    0,
    6,
    0,
    0,
    32,
    130,
    0,
    6,
    0,
    0,
    32,
    130,
    0,
    6,
    0,
    0,
    32,
    130,
    0,
    6,
    0,
    0,
    32,
    130,
    0,
    6,
    0,
    0,
    32,
    130,
    0,
    6,
    0,
    0,
    32,
    130,
    0,
    6,
    0,
    0,
    32,
    130,
    0,
    6,
    0,
    0,
    32,
    130,
    0,
    6,
    0,
    0,
    32,
    130,
    0,
    6,
    0,
    0,
    32,
    130,
    0,
    6,
    0,
    0,
    32,
    130,
    0,
    6,
    0,
    0,
    32,
    130,
    0,
    6,
    0,
    0,
    32,
    130,
    0,
    6,
    0,
    0,
    32,
    130,
    0,
    6,
    0,
    0,
    32,
    130,
    0,
    6,
    0,
    0,
    32,
    130,
    0,
    6,
    0,
    0,
    32,
    130,
    0,
    6,
    0,
    0,
    32,
    130,
    0,
    6,
    0,
    0,
    32,
    130,
    0,
    6,
    0,
    0,
    32,
    130,
    0,
    6,
    0,
    0,
    32,
    130,
    0,
    6,
    0,
    0,
    32,
    130,
    0,
    6,
    0,
    0,
    32,
    130,
    0,
    6,
    0,
    0,
    32,
    130,
    0,
    6,
    0,
    0,
    32,
    130,
    0,
    6,
    0,
    0,
    32,
    130,
    0,
    6,
    0,
    0,
    32,
    130,
    0,
    6,
    0,
    0,
    32,
    130,
    0,
    6,
    0,
    0,
    32,
    130,
    0,
    6,
    0,
    0,
    32,
    130,
    0,
    6,
    0,
    0,
    32,
    130,
    0,
    6,
    0,
    0,
    32,
    130,
    0,
    6,
    0,
    0,
    32,
    130,
    0,
    6,
    0,
    0,
    32,
    130,
    0,
    6,
    0,
    0,
    32,
    130,
    0,
    6,
    0,
    0,
    32,
    130,
    0,
    6,
    0,
    0,
    32,
    130,
    0,
    6,
    0,
    0,
    32,
    130,
    0,
    6,
    0,
    0,
    32,
    130,
    0,
    6,
    0,
    0,
    32,
    130,
    0,
    6,
    0,
    0,
    32,
    130,
    0,
    6,
    0,
    0,
    32,
    130,
    0,
    6,
    0,
    0,
    32,
    130,
    0,
    6,
    0,
    0,
    32,
    130,
    0,
    6,
    0,
    0,
    32,
    130,
    0,
    6,
    0,
    0,
    32,
    130,
    0,
    6,
    0,
    0,
    32,
    130,
    0,
    6,
    0,
    0,
    32,
    130,
    0,
    6,
    0,
    0,
    32,
    130,
    0,
    6,
    0,
    0,
    32,
    130,
    0,
    6,
    0,
    0,
    32,
    130,
    0,
    6,
    0,
    0,
    32,
    130,
    0,
    6,
    0,
    0,
    32,
    130,
    0,
    6,
    0,
    0,
    32,
    130,
    0,
    6,
    0,
    0,
    32,
    130,
    0,
    6,
    0,
    0,
    32,
    130,
    0,
    6,
    0,
    0,
    32,
    130,
    0,
    6,
    0,
    0,
    32,
    130,
    0,
    6,
    0,
    0,
    32,
    130,
    0,
    6,
    0,
    0,
    32,
    130,
    0,
    6,
    0,
    0,
    32,
    130,
    0,
    6,
    0,
    0,
    32,
    130,
    0,
    6,
    0,
    0,
    32,
    130,
    0,
    6,
    0,
    0,
    32,
    130,
    0,
    6,
    0,
    0,
    32,
    130,
    0,
    6,
    0,
    0,
    32,
    130,
    0,
    6,
    0,
    0,
    32,
    130,
    0,
    6,
    0,
    0,
    32,
    130,
    0,
    6,
    0,
    0,
    32,
    130,
    0,
    6,
    0,
    0,
    32,
    130,
    0,
    6,
    0,
    0,
    32,
    130,
    0,
    6,
    0,
    0,
    32,
    130,
    0,
    6,
    0,
    0,
    32,
    130,
    0,
    6,
    0,
    0,
    32,
    130,
    0,
    6,
    0,
    0,
    32,
    130,
    0,
    6,
    0,
    0,
    32,
    130,
    0,
    6,
    0,
    0,
    32,
    130,
    0,
    6,
    0,
    0,
    32,
    130,
    0,
    6,
    0,
    0,
    32,
    130,
    0,
    6,
    0,
    0,
    32,
    130,
    0,
    6,
    0,
    0,
    32,
    130,
    0,
    6,
    0,
    0,
    32,
    130,
    0,
    6,
    0,
    0,
    32,
    130,
    0,
    6,
    0,
    0,
    32,
    130,
    0,
    6,
    0,
    0,
    32,
    130,
    0,
    6,
    0,
    0,
    32,
    130,
    0,
    6,
    0,
    0,
    32,
    130,
    0,
    6,
    0,
    0,
    32,
    130,
    0,
    6,
    0,
    0,
    32,
    130,
    0,
    6,
    0,
    0,
    32,
    130,
    0,
    6,
    0,
    0,
    32,
    130,
    0,
    6,
    0,
    0,
    32,
    130,
    0,
    6,
    0,
    0,
    32,
    130,
    0,
    6,
    0,
    0,
    32,
    130,
    0,
    6,
    0,
    0,
    32,
    130,
    0,
    6,
    0,
    0,
    32,
    130,
    0,
    6,
    0,
    0,
    32,
    130,
    0,
    6,
    0,
    0,
    32,
    130,
    0,
    6,
    0,
    0,
    32,
    130,
    0,
    6,
    0,
    0,
    32,
    130,
    0,
    6,
    0,
    0,
    32,
    130,
    0,
    6,
    0,
    0,
    32,
    130,
    0,
    6,
    0,
    0,
    32,
    130,
    0,
    6,
    0,
    0,
    32,
    130,
    0,
    6,
    0,
    0,
    32,
    130,
    0,
    6,
    0,
    0,
    32,
    130,
    0,
    6,
    0,
    0,
    32,
    130,
    0,
    6,
    0,
    0,
    32,
    130,
    0,
    6,
    0,
    0,
    32,
    130,
    0,
    6,
    0,
    0,
    32,
    130,
    0,
    6,
    0,
    0,
    32,
    130,
    0,
    6,
    0,
    0,
    32,
    130,
    0,
    6,
    0,
    0,
    32,
    130,
    0,
    6,
    0,
    0,
    32,
    130,
    0,
    6,
    0,
    0,
    32,
    130,
    0,
    6,
    0,
    0,
    32,
    130,
    0,
    6,
    0,
    0,
    32,
    130,
    0,
    6,
    0,
    0,
    32,
    130,
    0,
    6,
    0,
    0,
    32,
    130,
    0,
    6,
    0,
    0,
    32,
    130,
    0,
    6,
    0,
    0,
    32,
    130,
    0,
    6,
    0,
    0,
    32,
    130,
    0,
    6,
    0,
    0,
    32,
    130,
    0,
    6,
    0,
    0,
    32,
    130,
    0,
    6,
    0,
    0,
    32,
    130,
    0,
    6,
    0,
    0,
    32,
    130,
    0,
    6,
    0,
    0,
    32,
    130,
    0,
    6,
    0,
    0,
    32,
    130,
    0,
    6,
    0,
    0,
    32,
    130,
    0,
    6,
    0,
    0,
    32,
    130,
    0,
    6,
    0,
    0,
    32,
    130,
    0,
    6,
    0,
    0,
    32,
    130,
    0,
    6,
    0,
    0,
    32,
    130,
    0,
    6,
    0,
    0,
    32,
    130,
    0,
    6,
    0,
    0,
    32,
    130,
    0,
    6,
    0,
    0,
    32,
    130,
    0,
    6,
    0,
    0,
    32,
    130,
    0,
    6,
    0,
    0,
    32,
    130,
    0,
    6,
    0,
    0,
    32,
    130,
    0,
    6,
    0,
    0,
    32,
    130,
    0,
    6,
    0,
    0,
    32,
    130,
    0,
    6,
    0,
    0,
    32,
    130,
    0,
    6,
    0,
    0,
    32,
    130,
    0,
    6,
    0,
    0,
    32,
    130,
    0,
    6,
    0,
    0,
    32,
    130,
    0,
    6,
    0,
    0,
    32,
    130,
    0,
    6,
    0,
    0,
    32,
    130,
    0,
    6,
    0,
    0,
    32,
    130,
    0,
    6,
    0,
    0,
    32,
    130,
    0,
    6,
    0,
    0,
    32,
    130,
    0,
    6,
    0,
    0,
    32,
    130,
    0,
    6,
    0,
    0,
    32,
    130,
    0,
    6,
    0,
    0,
    32,
    130,
    0,
    6,
    0,
    0,
    32,
    130,
    0,
    6,
    0,
    0,
    32,
    130,
    0,
    6,
    0,
    0,
    32,
    130,
    0,
    6,
    0,
    0,
    32,
    130,
    0,
    6,
    0,
    0,
    32,
    130,
    0,
    6,
    0,
    0,
    32,
    130,
    0,
    6,
    0,
    0,
    32,
    130,
    0,
    6,
    0,
    0,
    32,
    130,
    0,
    6,
    0,
    0,
    32,
    130,
    0,
    6,
    0,
    0,
    32,
    130,
    0,
    6,
    0,
    0,
    32,
    130,
    0,
    6,
    0,
    0,
    32,
    130,
    0,
    6,
    0,
    0,
    32,
    130,
    0,
    6,
    0,
    0,
    32,
    130,
    0,
    6,
    0,
    0,
    32,
    130,
    0,
    6,
    0,
    0,
    32,
    130,
    0,
    6,
    0,
    0,
    32,
    130,
    0,
    6,
    0,
    0,
    32,
    130,
    0,
    6,
    0,
    0,
    32,
    130,
    0,
    6,
    0,
    0,
    32,
    130,
    0,
    6,
    0,
    0,
    32,
    130,
    0,
    6,
    0,
    0,
    32,
    130,
    0,
    6,
    0,
    0,
    32,
    130,
    0,
    6,
    0,
    0,
    32,
    130,
    0,
    6,
    0,
    0,
    32,
    130,
    0,
    6,
    0,
    0,
    32,
    130,
    0,
    6,
    0,
    0,
    32,
    130,
    0,
    6,
    0,
    0,
    32,
    130,
    0,
    6,
    0,
    0,
    32,
    130,
    0,
    6,
    0,
    0,
    32,
    130,
    0,
    6,
    0,
    0,
    32,
    130,
    0,
    6,
    0,
    0,
    32,
    130,
    0,
    6,
    0,
    0,
    32,
    130,
    0,
    6,
    0,
    0,
    32,
    130,
    0,
    6,
    0,
    0,
    32,
    130,
    0,
    6,
    0,
    0,
    32,
    130,
    0,
    6,
    0,
    0,
    32,
    130,
    0,
    6,
    0,
    0,
    32,
    130,
    0,
    6,
    0,
    0,
    32,
    130,
    0,
    6,
    0,
    0,
    32,
    130,
    0,
    6,
    0,
    0,
    32,
    130,
    0,
    6,
    0,
    0,
    32,
    130,
    0,
    6,
    0,
    0,
    32,
    130,
    0,
    6,
    0,
    0,
    32,
    130,
    0,
    6,
    0,
    0,
    32,
    130,
    0,
    6,
    0,
    0,
    32,
    130,
    0,
    6,
    0,
    0,
    32,
    130,
    0,
    6,
    0,
    0,
    32,
    130,
    0,
    6,
    0,
    0,
    32,
    130,
    0,
    6,
    0,
    0,
    32,
    130,
    0,
    6,
    0,
    0,
    32,
    130,
    0,
    6,
    0,
    0,
    32,
    130,
    0,
    6,
    0,
    0,
    32,
    130,
    0,
    6,
    0,
    0,
    32,
    130,
    0,
    6,
    0,
    0,
    32,
    130,
    0,
    6,
    0,
    0,
    32,
    130,
    0,
    6,
    0,
    0,
    32,
    130,
    0,
    6,
    0,
    0,
    32,
    130,
    0,
    6,
    0,
    0,
    32,
    130,
    0,
    6,
    0,
    0,
    32,
    130,
    0,
    6,
    0,
    0,
    32,
    130,
    0,
    6,
    0,
    0,
    32,
    130,
    0,
    6,
    0,
    0,
    32,
    130,
    0,
    6,
    0,
    0,
    32,
    130,
    0,
    6,
    0,
    0,
    32,
    130,
    0,
    6,
    0,
    0,
    32,
    130,
    0,
    6,
    0,
    0,
    32,
    130,
    0,
    6,
    0,
    0,
    32,
    130,
    0,
    6,
    0,
    0,
    32,
    130,
    0,
    6,
    0,
    0,
    32,
    130,
    0,
    6,
    0,
    0,
    32,
    130,
    0,
    6,
    0,
    0,
    32,
    130,
    0,
    6,
    0,
    0,
    32,
    130,
    0,
    6,
    0,
    0,
    32,
    130,
    0,
    6,
    0,
    0,
    32,
    130,
    0,
    6,
    0,
    0,
    32,
    130,
    0,
    6,
    0,
    0,
    32,
    130,
    0,
    6,
    0,
    0,
    32,
    130,
    0,
    6,
    0,
    0,
    32,
    130,
    0,
    6,
    0,
    0,
    32,
    130,
    0,
    6,
    0,
    0,
    32,
    130,
    0,
    6,
    0,
    0,
    32,
    130,
    0,
    6,
    0,
    0,
    32,
    130,
    0,
    6,
    0,
    0,
    32,
    130,
    0,
    6,
    0,
    0,
    32,
    130,
    0,
    6,
    0,
    0,
    32,
    130,
    0,
    6,
    0,
    0,
    32,
    130,
    0,
    6,
    0,
    0,
    32,
    130,
    0,
    6,
    0,
    0,
    32,
    130,
    0,
    6,
    0,
    0,
    32,
    130,
    0,
    6,
    0,
    0,
    32,
    130,
    0,
    6,
    0,
    0,
    32,
    130,
    0,
    6,
    0,
    0,
    32,
    130,
    0,
    6,
    0,
    0,
    32,
    130,
    0,
    6,
    0,
    0,
    32,
    130,
    0,
    6,
    0,
    0,
    32,
    130,
    0,
    6,
    0,
    0,
    32,
    130,
    0,
    6,
    0,
    0,
    32,
    130,
    0,
    6,
    0,
    0,
    32,
    130,
    0,
    6,
    0,
    0,
    32,
    130,
    0,
    6,
    0,
    0,
    32,
    130,
    0,
    6,
    0,
    0,
    32,
    130,
    0,
    6,
    0,
    0,
    32,
    130,
    0,
    6,
    0,
    0,
    32,
    130,
    0,
    6,
    0,
    0,
    32,
    130,
    0,
    6,
    0,
    0,
    32,
    130,
    0,
    6,
    0,
    0,
    32,
    130,
    0,
    6,
    0,
    0,
    32,
    130,
    0,
    6,
    0,
    0,
    32,
    130,
    0,
    6,
    0,
    0,
    32,
    130,
    0,
    6,
    0,
    0,
    32,
    130,
    0,
    6,
    0,
    0,
    32,
    130,
    0,
    6,
    0,
    0,
    32,
    130,
    0,
    6,
    0,
    0,
    32,
    130,
    0,
    6,
    0,
    0,
    32,
    130,
    0,
    6,
    0,
    0,
    32,
    130,
    0,
    6,
    0,
    0,
    32,
    130,
    0,
    6,
    0,
    0,
    32,
    130,
    0,
    6,
    0,
    0,
    32,
    130,
    0,
    6,
    0,
    0,
    32,
    130,
    0,
    6,
    0,
    0,
    32,
    130,
    0,
    6,
    0,
    0,
    32,
    130,
    0,
    6,
    0,
    0,
    32,
    130,
    0,
    6,
    0,
    0,
    32,
    130,
    0,
    6,
    0,
    0,
    32,
    130,
    0,
    6,
    0,
    0,
    32,
    130,
    0,
    6,
    0,
    0,
    32,
    130,
    0,
    6,
    0,
    0,
    32,
    130,
    0,
    6,
    0,
    0,
    32,
    130,
    0,
    6,
    0,
    0,
    32,
    130,
    0,
    6,
    0,
    0,
    32,
    130,
    0,
    6,
    0,
    0,
    32,
    130,
    0,
    6,
    0,
    0,
    32,
    130,
    0,
    6,
    0,
    0,
    32,
    130,
    0,
    6,
    0,
    0,
    32,
    130,
    0,
    6,
    0,
    0,
    32,
    130,
    0,
    6,
    0,
    0,
    32,
    130,
    0,
    6,
    0,
    0,
    32,
    130,
    0,
    6,
    0,
    0,
    32,
    130,
    0,
    6,
    0,
    0,
    32,
    130,
    0,
    6,
    0,
    0,
    32,
    130,
    0,
    6,
    0,
    0,
    32,
    130,
    0,
    6,
    0,
    0,
    32,
    130,
    0,
    6,
    0,
    0,
    32,
    130,
    0,
    6,
    0,
    0,
    32,
    130,
    0,
    6,
    0,
    0,
    32,
    130,
    0,
    6,
    0,
    0,
    32,
    130,
    0,
    6,
    0,
    0,
    32,
    130,
    0,
    6,
    0,
    0,
    32,
    130,
    0,
    6,
    0,
    0,
    32,
    130,
    0,
    6,
    0,
    0,
    32,
    130,
    0,
    6,
    0,
    0,
    32,
    130,
    0,
    6,
    0,
    0,
    32,
    130,
    0,
    6,
    0,
    0,
    32,
    130,
    0,
    6,
    0,
    0,
    32,
    130,
    0,
    6,
    0,
    0,
    32,
    130,
    0,
    6,
    0,
    0,
    32,
    130,
    0,
    6,
    0,
    0,
    32,
    130,
    0,
    6,
    0,
    0,
    32,
    130,
    0,
    6,
    0,
    0,
    32,
    130,
    0,
    6,
    0,
    0,
    32,
    130,
    0,
    6,
    0,
    0,
    32,
    130,
    0,
    6,
    0,
    0,
    32,
    130,
    0,
    6,
    0,
    0,
    32,
    130,
    0,
    6,
    0,
    0,
    32,
    130,
    0,
    6,
    0,
    0,
    32,
    130,
    0,
    6,
    0,
    0,
    32,
    130,
    0,
    6,
    0,
    0,
    32,
    130,
    0,
    6,
    0,
    0,
    32,
    130,
    0,
    6,
    0,
    0,
    32,
    130,
    0,
    6,
    0,
    0,
    32,
    130,
    0,
    6,
    0,
    0,
    32,
    130,
    0,
    6,
    0,
    0,
    32,
    130,
    0,
    6,
    0,
    0,
    32,
    130,
    0,
    6,
    0,
    0,
    32,
    130,
    0,
    6,
    0,
    0,
    32,
    130,
    0,
    6,
    0,
    0,
    32,
    130,
    0,
    6,
    0,
    0,
    32,
    130,
    0,
    6,
    0,
    0,
    32,
    130,
    0,
    6,
    0,
    0,
    32,
    130,
    0,
    6,
    0,
    0,
    32,
    130,
    0,
    6,
    0,
    0,
    32,
    130,
    0,
    6,
    0,
    0,
    32,
    130,
    0,
    6,
    0,
    0,
    32,
    130,
    0,
    6,
    0,
    0,
    32,
    130,
    0,
    6,
    0,
    0,
    32,
    130,
    0,
    6,
    0,
    0,
    32,
    130,
    0,
    6,
    0,
    0,
    32,
    130,
    0,
    6,
    128,
    85,
    154,
    53,
    109,
    234,
    59,
    175,
    189,
    210,
    168,
    81,
    163,
    93,
    246,
    235,
    53,
    119,
    230,
    244,
    57,
    51,
    103,
    110,
    178,
    197,
    86,
    141,
    26,
    55,
    174,
    252,
    163,
    45,
    156,
    95,
    59,
    115,
    202,
    148,
    22,
    173,
    91,
    109,
    208,
    182,
    93,
    5,
    0,
    248,
    120,
    52,
    170,
    173,
    29,
    93,
    1,
    128,
    79,
    141,
    101,
    75,
    151,
    204,
    153,
    49,
    163,
    217,
    186,
    235,
    181,
    172,
    169,
    169,
    172,
    85,
    195,
    110,
    187,
    245,
    225,
    193,
    183,
    151,
    27,
    141,
    27,
    175,
    83,
    150,
    203,
    151,
    47,
    43,
    203,
    190,
    87,
    253,
    162,
    211,
    102,
    221,
    43,
    255,
    80,
    67,
    7,
    222,
    252,
    232,
    157,
    131,
    202,
    141,
    29,
    246,
    218,
    231,
    164,
    243,
    47,
    172,
    124,
    52,
    67,
    110,
    232,
    63,
    110,
    212,
    27,
    167,
    254,
    224,
    178,
    22,
    173,
    90,
    87,
    0,
    128,
    21,
    152,
    0,
    3,
    240,
    169,
    176,
    116,
    201,
    226,
    97,
    183,
    13,
    124,
    241,
    177,
    135,
    231,
    205,
    154,
    89,
    130,
    179,
    90,
    155,
    109,
    59,
    118,
    234,
    125,
    234,
    87,
    123,
    236,
    254,
    153,
    202,
    39,
    238,
    165,
    199,
    31,
    45,
    245,
    187,
    231,
    33,
    135,
    237,
    218,
    235,
    160,
    153,
    147,
    39,
    237,
    184,
    207,
    254,
    3,
    46,
    250,
    246,
    152,
    145,
    35,
    42,
    31,
    131,
    207,
    159,
    244,
    149,
    174,
    219,
    244,
    184,
    229,
    178,
    31,
    84,
    62,
    178,
    37,
    139,
    23,
    63,
    125,
    223,
    61,
    229,
    198,
    148,
    113,
    99,
    187,
    111,
    183,
    195,
    26,
    62,
    106,
    202,
    248,
    177,
    139,
    22,
    44,
    216,
    116,
    171,
    109,
    42,
    127,
    175,
    247,
    231,
    204,
    30,
    255,
    230,
    27,
    107,
    229,
    95,
    10,
    0,
    214,
    156,
    0,
    6,
    96,
    237,
    155,
    59,
    115,
    198,
    213,
    231,
    126,
    173,
    164,
    239,
    33,
    199,
    255,
    219,
    142,
    123,
    239,
    215,
    190,
    203,
    38,
    139,
    22,
    204,
    191,
    247,
    151,
    3,
    158,
    29,
    118,
    127,
    153,
    6,
    87,
    214,
    134,
    103,
    134,
    214,
    101,
    228,
    97,
    39,
    159,
    186,
    126,
    203,
    150,
    155,
    109,
    187,
    125,
    185,
    221,
    116,
    221,
    245,
    43,
    31,
    143,
    70,
    141,
    26,
    53,
    111,
    249,
    143,
    153,
    214,
    54,
    109,
    214,
    236,
    168,
    175,
    158,
    189,
    176,
    182,
    182,
    91,
    143,
    109,
    215,
    252,
    81,
    247,
    220,
    120,
    253,
    7,
    31,
    44,
    59,
    227,
    146,
    203,
    43,
    127,
    175,
    23,
    31,
    125,
    248,
    254,
    91,
    111,
    250,
    241,
    239,
    238,
    175,
    0,
    192,
    167,
    216,
    63,
    254,
    83,
    76,
    0,
    240,
    183,
    250,
    255,
    55,
    93,
    95,
    234,
    119,
    247,
    131,
    14,
    61,
    184,
    207,
    9,
    165,
    126,
    203,
    154,
    117,
    215,
    111,
    190,
    243,
    126,
    7,
    212,
    223,
    248,
    184,
    178,
    243,
    131,
    15,
    62,
    88,
    205,
    189,
    211,
    38,
    76,
    40,
    203,
    82,
    191,
    149,
    143,
    182,
    159,
    143,
    213,
    138,
    79,
    189,
    108,
    233,
    146,
    234,
    141,
    207,
    30,
    214,
    251,
    192,
    47,
    255,
    107,
    245,
    180,
    237,
    85,
    109,
    188,
    162,
    229,
    203,
    150,
    190,
    253,
    202,
    203,
    203,
    151,
    45,
    255,
    171,
    79,
    177,
    26,
    35,
    158,
    255,
    67,
    5,
    0,
    62,
    245,
    76,
    128,
    1,
    88,
    203,
    166,
    140,
    31,
    59,
    252,
    201,
    199,
    75,
    176,
    29,
    117,
    230,
    215,
    86,
    92,
    223,
    185,
    251,
    22,
    123,
    125,
    225,
    136,
    142,
    221,
    54,
    175,
    212,
    159,
    217,
    251,
    220,
    3,
    67,
    95,
    120,
    228,
    193,
    105,
    239,
    77,
    88,
    186,
    120,
    113,
    167,
    238,
    155,
    159,
    208,
    239,
    252,
    182,
    29,
    59,
    191,
    59,
    226,
    181,
    193,
    215,
    92,
    57,
    103,
    250,
    180,
    131,
    142,
    61,
    190,
    85,
    77,
    155,
    167,
    238,
    27,
    50,
    101,
    220,
    248,
    245,
    91,
    180,
    232,
    125,
    250,
    255,
    107,
    209,
    186,
    245,
    99,
    191,
    251,
    205,
    152,
    17,
    175,
    151,
    135,
    111,
    183,
    231,
    94,
    95,
    254,
    250,
    55,
    155,
    173,
    183,
    94,
    117,
    207,
    111,
    190,
    252,
    226,
    125,
    191,
    28,
    48,
    101,
    220,
    216,
    114,
    187,
    251,
    14,
    59,
    244,
    57,
    167,
    223,
    138,
    151,
    158,
    122,
    239,
    157,
    183,
    30,
    30,
    116,
    123,
    237,
    188,
    185,
    229,
    246,
    127,
    158,
    125,
    90,
    89,
    158,
    116,
    254,
    133,
    27,
    111,
    210,
    117,
    165,
    151,
    93,
    130,
    243,
    161,
    65,
    183,
    63,
    247,
    224,
    239,
    75,
    186,
    183,
    235,
    212,
    185,
    199,
    30,
    123,
    29,
    122,
    194,
    201,
    115,
    166,
    79,
    191,
    229,
    178,
    139,
    170,
    27,
    116,
    218,
    172,
    251,
    241,
    253,
    190,
    83,
    2,
    178,
    255,
    183,
    250,
    46,
    156,
    95,
    123,
    250,
    37,
    63,
    42,
    207,
    114,
    247,
    128,
    159,
    191,
    245,
    242,
    139,
    229,
    222,
    77,
    182,
    220,
    166,
    79,
    223,
    126,
    171,
    57,
    44,
    19,
    223,
    29,
    61,
    228,
    250,
    254,
    227,
    70,
    141,
    106,
    188,
    78,
    227,
    45,
    119,
    218,
    117,
    159,
    222,
    71,
    111,
    185,
    211,
    46,
    13,
    71,
    172,
    220,
    53,
    246,
    141,
    17,
    75,
    151,
    44,
    105,
    213,
    102,
    195,
    29,
    62,
    187,
    207,
    136,
    231,
    158,
    153,
    61,
    109,
    218,
    165,
    131,
    134,
    12,
    184,
    232,
    130,
    233,
    19,
    223,
    91,
    80,
    91,
    251,
    189,
    91,
    110,
    111,
    185,
    65,
    221,
    135,
    168,
    231,
    207,
    155,
    119,
    207,
    77,
    215,
    149,
    39,
    45,
    175,
    179,
    73,
    211,
    166,
    221,
    182,
    221,
    110,
    197,
    73,
    239,
    212,
    241,
    227,
    126,
    125,
    213,
    21,
    203,
    151,
    47,
    43,
    7,
    170,
    250,
    102,
    123,
    159,
    118,
    230,
    86,
    187,
    244,
    156,
    49,
    233,
    189,
    187,
    174,
    235,
    255,
    238,
    235,
    175,
    148,
    167,
    40,
    239,
    174,
    28,
    189,
    242,
    192,
    114,
    239,
    164,
    119,
    223,
    190,
    251,
    198,
    235,
    38,
    140,
    126,
    171,
    252,
    43,
    180,
    106,
    211,
    230,
    51,
    159,
    63,
    124,
    255,
    163,
    191,
    52,
    232,
    170,
    43,
    222,
    121,
    237,
    149,
    134,
    195,
    181,
    203,
    254,
    7,
    150,
    127,
    142,
    15,
    111,
    89,
    86,
    86,
    0,
    96,
    173,
    50,
    1,
    6,
    96,
    45,
    123,
    251,
    149,
    225,
    101,
    217,
    190,
    75,
    151,
    166,
    205,
    154,
    173,
    184,
    126,
    189,
    230,
    45,
    142,
    62,
    243,
    235,
    29,
    186,
    214,
    149,
    231,
    176,
    95,
    253,
    242,
    190,
    91,
    6,
    108,
    212,
    177,
    211,
    62,
    255,
    114,
    84,
    169,
    217,
    9,
    163,
    223,
    188,
    254,
    194,
    111,
    151,
    245,
    53,
    237,
    218,
    119,
    221,
    102,
    219,
    18,
    105,
    195,
    110,
    187,
    245,
    137,
    187,
    239,
    220,
    105,
    223,
    94,
    7,
    28,
    115,
    108,
    105,
    215,
    59,
    126,
    122,
    249,
    29,
    87,
    94,
    190,
    249,
    246,
    59,
    29,
    118,
    202,
    233,
    235,
    181,
    104,
    62,
    252,
    201,
    39,
    158,
    125,
    224,
    79,
    103,
    231,
    254,
    241,
    145,
    7,
    111,
    252,
    254,
    5,
    91,
    238,
    188,
    203,
    55,
    175,
    189,
    97,
    159,
    222,
    71,
    141,
    30,
    254,
    242,
    208,
    255,
    186,
    101,
    197,
    231,
    109,
    220,
    184,
    233,
    166,
    91,
    109,
    83,
    157,
    160,
    246,
    60,
    240,
    115,
    229,
    231,
    195,
    231,
    39,
    215,
    101,
    237,
    183,
    207,
    125,
    120,
    240,
    237,
    251,
    29,
    121,
    204,
    55,
    174,
    190,
    110,
    155,
    158,
    123,
    60,
    49,
    228,
    183,
    191,
    186,
    252,
    210,
    154,
    118,
    27,
    245,
    60,
    232,
    144,
    169,
    19,
    198,
    127,
    176,
    124,
    249,
    65,
    125,
    78,
    40,
    91,
    142,
    123,
    115,
    228,
    184,
    55,
    223,
    40,
    107,
    70,
    253,
    241,
    133,
    242,
    235,
    62,
    71,
    28,
    217,
    116,
    221,
    245,
    106,
    231,
    204,
    217,
    247,
    200,
    47,
    174,
    230,
    152,
    148,
    87,
    117,
    85,
    223,
    186,
    51,
    153,
    207,
    248,
    143,
    31,
    159,
    250,
    253,
    203,
    198,
    141,
    26,
    57,
    224,
    162,
    243,
    223,
    123,
    251,
    173,
    114,
    215,
    164,
    49,
    99,
    174,
    252,
    218,
    25,
    115,
    103,
    76,
    63,
    247,
    154,
    27,
    206,
    191,
    225,
    214,
    146,
    253,
    79,
    223,
    119,
    207,
    58,
    77,
    154,
    238,
    219,
    251,
    232,
    117,
    154,
    52,
    217,
    97,
    239,
    125,
    151,
    44,
    89,
    82,
    130,
    182,
    58,
    16,
    158,
    55,
    123,
    246,
    15,
    79,
    59,
    233,
    181,
    103,
    158,
    234,
    211,
    247,
    188,
    11,
    111,
    29,
    212,
    161,
    235,
    102,
    101,
    207,
    43,
    62,
    209,
    58,
    77,
    214,
    233,
    182,
    77,
    143,
    114,
    163,
    121,
    235,
    150,
    213,
    55,
    219,
    186,
    237,
    70,
    229,
    213,
    94,
    113,
    214,
    233,
    75,
    22,
    45,
    232,
    123,
    213,
    47,
    142,
    57,
    235,
    156,
    25,
    147,
    39,
    255,
    215,
    79,
    46,
    173,
    212,
    95,
    170,
    250,
    103,
    125,
    207,
    90,
    240,
    254,
    251,
    253,
    174,
    29,
    240,
    157,
    155,
    6,
    150,
    225,
    252,
    43,
    79,
    61,
    94,
    169,
    255,
    83,
    197,
    138,
    135,
    171,
    203,
    22,
    91,
    174,
    106,
    75,
    0,
    88,
    187,
    4,
    48,
    0,
    107,
    217,
    164,
    49,
    239,
    150,
    101,
    199,
    205,
    54,
    111,
    88,
    83,
    234,
    113,
    233,
    146,
    197,
    13,
    63,
    37,
    231,
    62,
    247,
    175,
    39,
    93,
    114,
    199,
    93,
    39,
    156,
    247,
    157,
    207,
    159,
    120,
    74,
    153,
    199,
    110,
    184,
    113,
    135,
    50,
    240,
    44,
    99,
    225,
    54,
    237,
    218,
    239,
    127,
    212,
    151,
    235,
    30,
    222,
    173,
    123,
    191,
    254,
    55,
    30,
    248,
    165,
    227,
    202,
    6,
    155,
    239,
    176,
    83,
    89,
    211,
    231,
    27,
    223,
    42,
    35,
    199,
    18,
    156,
    71,
    157,
    81,
    55,
    88,
    126,
    247,
    245,
    87,
    203,
    114,
    241,
    194,
    133,
    119,
    254,
    252,
    234,
    150,
    53,
    27,
    28,
    126,
    202,
    233,
    237,
    58,
    119,
    57,
    226,
    43,
    103,
    148,
    161,
    232,
    203,
    143,
    63,
    90,
    118,
    213,
    240,
    236,
    29,
    187,
    117,
    59,
    224,
    152,
    62,
    205,
    214,
    95,
    183,
    220,
    46,
    55,
    202,
    79,
    25,
    96,
    174,
    244,
    154,
    203,
    56,
    186,
    68,
    248,
    78,
    251,
    236,
    95,
    230,
    159,
    29,
    187,
    109,
    246,
    47,
    167,
    158,
    89,
    198,
    164,
    35,
    95,
    120,
    246,
    237,
    87,
    135,
    151,
    68,
    47,
    53,
    88,
    162,
    177,
    125,
    231,
    186,
    115,
    185,
    95,
    125,
    250,
    169,
    102,
    235,
    213,
    157,
    197,
    61,
    242,
    133,
    231,
    42,
    117,
    151,
    245,
    234,
    60,
    123,
    234,
    148,
    221,
    14,
    60,
    120,
    53,
    151,
    146,
    46,
    117,
    61,
    240,
    242,
    139,
    203,
    141,
    175,
    92,
    248,
    31,
    221,
    183,
    223,
    177,
    188,
    157,
    99,
    235,
    103,
    197,
    101,
    208,
    90,
    150,
    207,
    63,
    88,
    87,
    242,
    7,
    30,
    123,
    252,
    70,
    157,
    58,
    149,
    227,
    112,
    200,
    241,
    39,
    149,
    95,
    219,
    180,
    111,
    95,
    94,
    67,
    201,
    224,
    18,
    228,
    109,
    59,
    108,
    220,
    176,
    171,
    123,
    111,
    190,
    126,
    241,
    194,
    5,
    101,
    90,
    190,
    213,
    206,
    187,
    182,
    170,
    169,
    41,
    47,
    120,
    165,
    83,
    163,
    203,
    235,
    217,
    227,
    208,
    195,
    202,
    141,
    141,
    58,
    118,
    174,
    190,
    217,
    14,
    155,
    118,
    187,
    179,
    255,
    85,
    229,
    152,
    151,
    163,
    221,
    190,
    203,
    38,
    123,
    30,
    122,
    216,
    86,
    187,
    238,
    86,
    166,
    199,
    99,
    70,
    142,
    40,
    29,
    94,
    182,
    172,
    217,
    168,
    93,
    77,
    187,
    118,
    173,
    55,
    220,
    232,
    176,
    147,
    79,
    221,
    113,
    239,
    253,
    155,
    52,
    109,
    86,
    30,
    85,
    198,
    212,
    13,
    135,
    107,
    235,
    93,
    119,
    255,
    139,
    91,
    86,
    0,
    96,
    109,
    115,
    10,
    52,
    0,
    107,
    217,
    220,
    153,
    117,
    151,
    185,
    42,
    33,
    218,
    176,
    230,
    217,
    7,
    134,
    222,
    245,
    139,
    107,
    26,
    126,
    45,
    29,
    123,
    232,
    9,
    39,
    87,
    234,
    243,
    117,
    252,
    232,
    81,
    179,
    167,
    77,
    93,
    182,
    116,
    105,
    165,
    254,
    202,
    195,
    37,
    128,
    171,
    219,
    52,
    91,
    119,
    221,
    134,
    237,
    219,
    180,
    175,
    43,
    192,
    133,
    243,
    231,
    87,
    127,
    45,
    161,
    88,
    221,
    184,
    44,
    39,
    141,
    125,
    167,
    140,
    139,
    215,
    111,
    222,
    178,
    204,
    132,
    171,
    247,
    182,
    104,
    189,
    193,
    156,
    25,
    211,
    167,
    189,
    55,
    225,
    111,
    250,
    114,
    163,
    210,
    186,
    101,
    217,
    112,
    78,
    114,
    209,
    99,
    143,
    189,
    166,
    13,
    249,
    237,
    216,
    55,
    70,
    150,
    252,
    219,
    122,
    215,
    158,
    217,
    69,
    141,
    140,
    0,
    0,
    15,
    234,
    73,
    68,
    65,
    84,
    101,
    131,
    114,
    187,
    219,
    182,
    219,
    189,
    246,
    204,
    147,
    187,
    31,
    124,
    200,
    179,
    195,
    238,
    31,
    245,
    226,
    243,
    101,
    179,
    50,
    92,
    45,
    3,
    234,
    157,
    247,
    235,
    181,
    154,
    157,
    207,
    152,
    52,
    105,
    97,
    237,
    252,
    50,
    184,
    174,
    190,
    145,
    98,
    235,
    93,
    118,
    43,
    203,
    201,
    227,
    198,
    150,
    63,
    13,
    44,
    90,
    176,
    176,
    242,
    231,
    239,
    100,
    42,
    106,
    231,
    206,
    41,
    203,
    14,
    31,
    58,
    67,
    187,
    234,
    245,
    103,
    159,
    41,
    203,
    82,
    209,
    213,
    95,
    75,
    174,
    239,
    183,
    218,
    201,
    115,
    165,
    62,
    191,
    203,
    43,
    47,
    55,
    222,
    29,
    241,
    167,
    75,
    94,
    127,
    176,
    188,
    238,
    99,
    192,
    99,
    223,
    24,
    177,
    91,
    175,
    131,
    171,
    239,
    253,
    186,
    239,
    158,
    247,
    185,
    227,
    78,
    220,
    118,
    143,
    189,
    202,
    207,
    95,
    220,
    73,
    167,
    205,
    182,
    88,
    195,
    45,
    1,
    224,
    147,
    36,
    128,
    1,
    88,
    203,
    58,
    116,
    237,
    86,
    74,
    105,
    214,
    180,
    41,
    13,
    107,
    122,
    30,
    244,
    185,
    210,
    144,
    37,
    26,
    31,
    249,
    237,
    175,
    119,
    248,
    236,
    190,
    189,
    142,
    57,
    118,
    209,
    130,
    249,
    191,
    189,
    246,
    103,
    165,
    90,
    203,
    52,
    181,
    195,
    166,
    93,
    23,
    212,
    214,
    174,
    102,
    135,
    235,
    52,
    169,
    255,
    223,
    237,
    207,
    87,
    111,
    106,
    210,
    164,
    238,
    204,
    234,
    234,
    69,
    158,
    166,
    79,
    156,
    88,
    150,
    115,
    102,
    206,
    124,
    254,
    161,
    97,
    213,
    123,
    219,
    111,
    210,
    181,
    252,
    180,
    110,
    179,
    97,
    229,
    111,
    49,
    109,
    194,
    248,
    74,
    221,
    9,
    216,
    255,
    251,
    201,
    225,
    86,
    53,
    117,
    83,
    226,
    41,
    227,
    199,
    85,
    234,
    63,
    4,
    91,
    222,
    209,
    107,
    207,
    62,
    213,
    102,
    227,
    246,
    51,
    167,
    76,
    222,
    110,
    207,
    189,
    103,
    78,
    158,
    92,
    214,
    76,
    26,
    51,
    102,
    212,
    75,
    207,
    151,
    178,
    237,
    178,
    197,
    86,
    171,
    219,
    249,
    196,
    250,
    157,
    175,
    240,
    177,
    228,
    198,
    235,
    52,
    169,
    126,
    53,
    212,
    236,
    233,
    211,
    118,
    222,
    191,
    215,
    243,
    15,
    15,
    27,
    58,
    240,
    166,
    141,
    55,
    233,
    186,
    100,
    209,
    162,
    199,
    238,
    28,
    92,
    238,
    234,
    121,
    240,
    33,
    31,
    222,
    79,
    249,
    123,
    65,
    25,
    255,
    86,
    234,
    175,
    40,
    214,
    176,
    178,
    81,
    227,
    191,
    114,
    242,
    215,
    251,
    179,
    103,
    85,
    235,
    186,
    225,
    16,
    21,
    91,
    238,
    188,
    91,
    231,
    238,
    91,
    180,
    172,
    169,
    57,
    229,
    187,
    63,
    184,
    253,
    202,
    203,
    223,
    121,
    237,
    149,
    235,
    191,
    247,
    173,
    182,
    29,
    59,
    157,
    208,
    239,
    130,
    191,
    248,
    94,
    214,
    124,
    75,
    0,
    248,
    36,
    9,
    96,
    0,
    214,
    178,
    77,
    183,
    174,
    251,
    250,
    217,
    119,
    94,
    125,
    181,
    4,
    91,
    245,
    58,
    85,
    77,
    154,
    54,
    43,
    195,
    207,
    13,
    55,
    238,
    80,
    169,
    155,
    208,
    182,
    46,
    209,
    59,
    224,
    162,
    243,
    223,
    26,
    254,
    210,
    190,
    189,
    143,
    62,
    252,
    148,
    211,
    74,
    13,
    150,
    185,
    98,
    245,
    170,
    75,
    127,
    171,
    234,
    52,
    184,
    36,
    244,
    233,
    23,
    255,
    176,
    242,
    17,
    180,
    172,
    105,
    51,
    109,
    226,
    123,
    181,
    115,
    231,
    53,
    172,
    153,
    59,
    115,
    122,
    89,
    182,
    237,
    208,
    177,
    44,
    123,
    236,
    190,
    71,
    165,
    126,
    250,
    90,
    222,
    66,
    169,
    211,
    238,
    219,
    111,
    63,
    115,
    202,
    196,
    18,
    192,
    165,
    126,
    95,
    127,
    230,
    169,
    157,
    247,
    237,
    181,
    250,
    157,
    151,
    161,
    116,
    89,
    214,
    206,
    251,
    223,
    157,
    87,
    207,
    3,
    47,
    55,
    90,
    111,
    184,
    97,
    57,
    50,
    189,
    142,
    233,
    243,
    232,
    157,
    131,
    174,
    61,
    239,
    156,
    114,
    100,
    54,
    221,
    122,
    235,
    19,
    190,
    245,
    189,
    191,
    56,
    190,
    46,
    7,
    179,
    204,
    213,
    203,
    196,
    187,
    76,
    137,
    171,
    251,
    92,
    163,
    183,
    182,
    65,
    77,
    53,
    182,
    79,
    251,
    254,
    165,
    31,
    174,
    229,
    50,
    200,
    253,
    193,
    175,
    6,
    63,
    255,
    208,
    3,
    143,
    252,
    230,
    142,
    25,
    147,
    38,
    94,
    123,
    94,
    223,
    139,
    6,
    14,
    106,
    222,
    170,
    213,
    135,
    247,
    179,
    230,
    91,
    2,
    192,
    39,
    198,
    103,
    128,
    1,
    88,
    203,
    74,
    41,
    149,
    34,
    45,
    197,
    245,
    212,
    125,
    67,
    86,
    181,
    205,
    219,
    175,
    214,
    229,
    238,
    1,
    95,
    236,
    83,
    234,
    183,
    242,
    17,
    116,
    236,
    90,
    23,
    138,
    227,
    222,
    124,
    99,
    246,
    180,
    105,
    149,
    143,
    96,
    211,
    173,
    235,
    46,
    28,
    53,
    234,
    165,
    23,
    26,
    214,
    84,
    79,
    27,
    222,
    98,
    199,
    186,
    143,
    31,
    151,
    137,
    107,
    247,
    237,
    119,
    44,
    213,
    247,
    234,
    211,
    79,
    246,
    216,
    125,
    207,
    210,
    147,
    61,
    122,
    238,
    89,
    214,
    191,
    249,
    210,
    11,
    99,
    71,
    141,
    44,
    243,
    225,
    213,
    239,
    124,
    227,
    77,
    54,
    45,
    15,
    153,
    55,
    107,
    102,
    249,
    169,
    174,
    153,
    48,
    122,
    116,
    165,
    190,
    219,
    215,
    105,
    210,
    116,
    206,
    244,
    169,
    165,
    126,
    143,
    60,
    253,
    172,
    159,
    220,
    61,
    236,
    210,
    65,
    67,
    206,
    184,
    228,
    242,
    213,
    156,
    188,
    93,
    198,
    182,
    101,
    249,
    220,
    131,
    67,
    43,
    127,
    205,
    146,
    197,
    127,
    250,
    22,
    165,
    18,
    189,
    213,
    63,
    19,
    188,
    244,
    196,
    163,
    43,
    109,
    83,
    94,
    255,
    192,
    31,
    93,
    92,
    254,
    60,
    177,
    215,
    23,
    142,
    56,
    255,
    134,
    91,
    58,
    118,
    235,
    94,
    254,
    213,
    38,
    141,
    125,
    231,
    195,
    123,
    91,
    243,
    45,
    1,
    224,
    147,
    36,
    128,
    1,
    88,
    203,
    26,
    53,
    106,
    116,
    124,
    191,
    239,
    174,
    215,
    162,
    249,
    208,
    129,
    191,
    124,
    236,
    206,
    65,
    213,
    15,
    181,
    206,
    155,
    61,
    123,
    212,
    75,
    127,
    108,
    216,
    166,
    154,
    100,
    15,
    220,
    49,
    112,
    194,
    232,
    55,
    31,
    184,
    125,
    224,
    159,
    198,
    191,
    245,
    39,
    57,
    47,
    90,
    80,
    247,
    89,
    223,
    37,
    139,
    235,
    46,
    151,
    85,
    169,
    255,
    112,
    108,
    153,
    36,
    87,
    215,
    87,
    191,
    195,
    118,
    97,
    253,
    6,
    101,
    16,
    90,
    54,
    40,
    67,
    209,
    253,
    143,
    174,
    187,
    104,
    214,
    53,
    253,
    206,
    126,
    245,
    153,
    39,
    75,
    9,
    255,
    247,
    61,
    191,
    43,
    163,
    212,
    149,
    190,
    237,
    118,
    225,
    252,
    218,
    229,
    203,
    234,
    214,
    204,
    159,
    55,
    175,
    122,
    87,
    221,
    229,
    184,
    22,
    47,
    106,
    216,
    237,
    1,
    95,
    252,
    114,
    105,
    212,
    23,
    31,
    125,
    232,
    245,
    103,
    159,
    46,
    79,
    87,
    118,
    82,
    118,
    181,
    229,
    206,
    187,
    109,
    181,
    75,
    207,
    234,
    30,
    118,
    173,
    175,
    220,
    183,
    95,
    29,
    190,
    227,
    222,
    251,
    149,
    27,
    173,
    218,
    108,
    88,
    211,
    174,
    221,
    232,
    225,
    47,
    151,
    153,
    109,
    183,
    30,
    219,
    173,
    116,
    4,
    202,
    14,
    203,
    51,
    150,
    27,
    139,
    23,
    45,
    42,
    79,
    84,
    250,
    121,
    159,
    222,
    71,
    151,
    95,
    111,
    251,
    207,
    31,
    149,
    163,
    49,
    125,
    226,
    196,
    95,
    255,
    172,
    238,
    139,
    139,
    250,
    244,
    61,
    175,
    44,
    167,
    190,
    247,
    94,
    89,
    62,
    62,
    228,
    55,
    247,
    222,
    124,
    125,
    25,
    174,
    150,
    159,
    103,
    134,
    222,
    59,
    181,
    254,
    148,
    236,
    74,
    253,
    105,
    207,
    75,
    235,
    83,
    182,
    250,
    17,
    232,
    35,
    254,
    253,
    140,
    178,
    172,
    59,
    176,
    119,
    13,
    158,
    248,
    238,
    232,
    225,
    79,
    62,
    62,
    224,
    251,
    223,
    169,
    158,
    23,
    221,
    160,
    69,
    171,
    186,
    225,
    240,
    148,
    113,
    99,
    70,
    62,
    255,
    135,
    63,
    252,
    254,
    190,
    178,
    236,
    125,
    218,
    153,
    101,
    205,
    224,
    171,
    175,
    124,
    242,
    222,
    187,
    203,
    1,
    127,
    233,
    241,
    71,
    174,
    249,
    230,
    215,
    203,
    203,
    152,
    49,
    121,
    242,
    107,
    127,
    120,
    186,
    250,
    97,
    230,
    250,
    195,
    82,
    119,
    86,
    121,
    151,
    205,
    183,
    172,
    212,
    125,
    97,
    114,
    221,
    104,
    247,
    217,
    97,
    247,
    191,
    244,
    248,
    163,
    229,
    81,
    171,
    217,
    18,
    0,
    214,
    162,
    70,
    181,
    181,
    163,
    43,
    0,
    176,
    182,
    149,
    212,
    252,
    221,
    117,
    215,
    140,
    124,
    225,
    249,
    146,
    103,
    213,
    19,
    119,
    91,
    180,
    106,
    93,
    134,
    195,
    187,
    31,
    124,
    104,
    183,
    109,
    183,
    43,
    121,
    121,
    195,
    133,
    231,
    87,
    203,
    109,
    179,
    109,
    183,
    111,
    185,
    65,
    77,
    201,
    215,
    114,
    251,
    156,
    159,
    246,
    191,
    250,
    220,
    179,
    171,
    123,
    232,
    216,
    173,
    219,
    55,
    174,
    190,
    254,
    215,
    63,
    251,
    201,
    139,
    143,
    61,
    92,
    93,
    115,
    232,
    9,
    39,
    151,
    113,
    235,
    143,
    207,
    56,
    185,
    250,
    107,
    203,
    154,
    13,
    46,
    186,
    117,
    112,
    233,
    177,
    187,
    111,
    232,
    255,
    226,
    227,
    15,
    47,
    172,
    157,
    95,
    93,
    249,
    133,
    127,
    59,
    117,
    247,
    131,
    14,
    109,
    120,
    37,
    239,
    142,
    120,
    237,
    23,
    23,
    124,
    179,
    225,
    215,
    234,
    110,
    207,
    63,
    250,
    176,
    134,
    235,
    78,
    237,
    121,
    200,
    97,
    199,
    156,
    125,
    206,
    228,
    113,
    99,
    110,
    253,
    225,
    197,
    101,
    204,
    91,
    93,
    249,
    217,
    195,
    123,
    31,
    126,
    202,
    233,
    13,
    223,
    228,
    84,
    59,
    111,
    238,
    197,
    39,
    214,
    149,
    246,
    37,
    119,
    220,
    181,
    94,
    243,
    22,
    229,
    198,
    61,
    3,
    126,
    94,
    202,
    112,
    215,
    94,
    7,
    31,
    87,
    223,
    177,
    43,
    42,
    41,
    251,
    196,
    221,
    119,
    53,
    252,
    122,
    249,
    144,
    223,
    87,
    234,
    170,
    245,
    230,
    39,
    134,
    220,
    89,
    125,
    210,
    18,
    207,
    199,
    159,
    123,
    65,
    245,
    155,
    120,
    23,
    188,
    255,
    254,
    197,
    39,
    29,
    219,
    240,
    98,
    26,
    244,
    233,
    219,
    111,
    251,
    207,
    236,
    125,
    225,
    113,
    71,
    55,
    172,
    41,
    47,
    178,
    188,
    212,
    114,
    160,
    126,
    63,
    240,
    230,
    105,
    19,
    235,
    178,
    185,
    28,
    216,
    131,
    142,
    61,
    254,
    192,
    47,
    29,
    183,
    210,
    185,
    205,
    13,
    167,
    148,
    151,
    99,
    126,
    228,
    87,
    191,
    182,
    243,
    190,
    251,
    63,
    247,
    192,
    208,
    135,
    6,
    223,
    86,
    157,
    147,
    151,
    71,
    149,
    119,
    247,
    249,
    19,
    79,
    25,
    255,
    214,
    155,
    119,
    252,
    244,
    199,
    101,
    101,
    195,
    63,
    80,
    105,
    242,
    109,
    122,
    214,
    157,
    239,
    253,
    240,
    224,
    219,
    135,
    221,
    118,
    235,
    159,
    55,
    62,
    114,
    187,
    61,
    247,
    90,
    213,
    150,
    0,
    176,
    22,
    9,
    96,
    0,
    62,
    93,
    202,
    236,
    119,
    97,
    237,
    251,
    37,
    113,
    215,
    111,
    217,
    114,
    165,
    187,
    102,
    77,
    157,
    178,
    126,
    139,
    150,
    235,
    181,
    104,
    81,
    198,
    164,
    243,
    102,
    205,
    106,
    213,
    166,
    77,
    147,
    166,
    205,
    42,
    127,
    175,
    89,
    211,
    166,
    54,
    109,
    218,
    172,
    101,
    77,
    205,
    135,
    239,
    90,
    105,
    32,
    92,
    102,
    212,
    171,
    218,
    73,
    25,
    8,
    207,
    155,
    53,
    187,
    109,
    135,
    14,
    31,
    254,
    184,
    108,
    181,
    30,
    27,
    46,
    148,
    85,
    182,
    44,
    227,
    220,
    230,
    173,
    90,
    87,
    123,
    120,
    13,
    205,
    156,
    50,
    121,
    221,
    230,
    205,
    75,
    64,
    54,
    172,
    185,
    233,
    226,
    239,
    149,
    201,
    234,
    5,
    3,
    6,
    182,
    172,
    191,
    236,
    214,
    162,
    249,
    243,
    95,
    121,
    250,
    137,
    33,
    215,
    247,
    111,
    223,
    101,
    147,
    126,
    253,
    111,
    92,
    213,
    126,
    202,
    223,
    23,
    22,
    45,
    92,
    80,
    211,
    118,
    163,
    85,
    93,
    4,
    107,
    238,
    204,
    25,
    141,
    26,
    53,
    94,
    233,
    11,
    159,
    222,
    159,
    51,
    187,
    140,
    214,
    87,
    122,
    84,
    25,
    86,
    151,
    131,
    223,
    162,
    245,
    6,
    43,
    125,
    160,
    119,
    97,
    109,
    109,
    25,
    59,
    111,
    208,
    182,
    109,
    195,
    198,
    171,
    218,
    18,
    0,
    214,
    22,
    1,
    12,
    0,
    255,
    52,
    150,
    45,
    93,
    114,
    193,
    49,
    71,
    180,
    106,
    179,
    225,
    133,
    183,
    220,
    209,
    176,
    114,
    206,
    140,
    105,
    151,
    253,
    251,
    137,
    93,
    183,
    238,
    113,
    246,
    79,
    174,
    170,
    0,
    0,
    171,
    230,
    51,
    192,
    0,
    240,
    79,
    99,
    157,
    38,
    77,
    155,
    52,
    109,
    58,
    111,
    214,
    204,
    209,
    175,
    12,
    175,
    174,
    41,
    115,
    230,
    219,
    174,
    168,
    187,
    162,
    245,
    65,
    199,
    30,
    95,
    1,
    0,
    86,
    203,
    4,
    24,
    0,
    254,
    153,
    188,
    241,
    194,
    115,
    191,
    186,
    226,
    135,
    213,
    79,
    74,
    55,
    105,
    214,
    116,
    97,
    237,
    252,
    118,
    157,
    58,
    31,
    121,
    198,
    89,
    13,
    215,
    223,
    2,
    0,
    86,
    69,
    0,
    3,
    192,
    63,
    153,
    229,
    203,
    151,
    77,
    24,
    253,
    214,
    156,
    25,
    211,
    215,
    93,
    191,
    121,
    187,
    206,
    93,
    218,
    180,
    107,
    95,
    1,
    0,
    214,
    128,
    0,
    6,
    0,
    0,
    32,
    66,
    147,
    10,
    0,
    0,
    0,
    4,
    16,
    192,
    0,
    0,
    0,
    68,
    16,
    192,
    0,
    0,
    0,
    68,
    16,
    192,
    0,
    0,
    0,
    68,
    16,
    192,
    0,
    0,
    0,
    68,
    16,
    192,
    0,
    0,
    0,
    68,
    16,
    192,
    0,
    0,
    0,
    68,
    16,
    192,
    0,
    0,
    0,
    68,
    16,
    192,
    0,
    0,
    0,
    68,
    16,
    192,
    0,
    0,
    0,
    68,
    16,
    192,
    0,
    0,
    0,
    68,
    16,
    192,
    0,
    0,
    0,
    68,
    16,
    192,
    0,
    0,
    0,
    68,
    16,
    192,
    0,
    0,
    0,
    68,
    16,
    192,
    0,
    0,
    0,
    68,
    16,
    192,
    0,
    0,
    0,
    68,
    16,
    192,
    0,
    0,
    0,
    68,
    16,
    192,
    0,
    0,
    0,
    68,
    16,
    192,
    0,
    0,
    0,
    68,
    16,
    192,
    0,
    0,
    0,
    68,
    16,
    192,
    0,
    0,
    0,
    68,
    16,
    192,
    0,
    0,
    0,
    68,
    16,
    192,
    0,
    0,
    0,
    68,
    16,
    192,
    0,
    0,
    0,
    68,
    16,
    192,
    0,
    0,
    0,
    68,
    16,
    192,
    0,
    0,
    0,
    68,
    16,
    192,
    0,
    0,
    0,
    68,
    16,
    192,
    0,
    0,
    0,
    68,
    16,
    192,
    0,
    0,
    0,
    68,
    16,
    192,
    0,
    0,
    0,
    68,
    16,
    192,
    0,
    0,
    0,
    68,
    16,
    192,
    0,
    0,
    0,
    68,
    16,
    192,
    0,
    0,
    0,
    68,
    16,
    192,
    0,
    0,
    0,
    68,
    16,
    192,
    0,
    0,
    0,
    68,
    16,
    192,
    0,
    0,
    0,
    68,
    16,
    192,
    0,
    0,
    0,
    68,
    16,
    192,
    0,
    0,
    0,
    68,
    16,
    192,
    0,
    0,
    0,
    68,
    16,
    192,
    0,
    0,
    0,
    68,
    16,
    192,
    0,
    0,
    0,
    68,
    16,
    192,
    0,
    0,
    0,
    68,
    16,
    192,
    0,
    0,
    0,
    68,
    16,
    192,
    0,
    0,
    0,
    68,
    16,
    192,
    0,
    0,
    0,
    68,
    16,
    192,
    0,
    0,
    0,
    68,
    16,
    192,
    0,
    0,
    0,
    68,
    16,
    192,
    0,
    0,
    0,
    68,
    16,
    192,
    0,
    0,
    0,
    68,
    16,
    192,
    0,
    0,
    0,
    68,
    16,
    192,
    0,
    0,
    0,
    68,
    16,
    192,
    0,
    0,
    0,
    68,
    16,
    192,
    0,
    0,
    0,
    68,
    16,
    192,
    0,
    0,
    0,
    68,
    16,
    192,
    0,
    0,
    0,
    68,
    16,
    192,
    0,
    0,
    0,
    68,
    16,
    192,
    0,
    0,
    0,
    68,
    16,
    192,
    0,
    0,
    0,
    68,
    16,
    192,
    0,
    0,
    0,
    68,
    16,
    192,
    0,
    0,
    0,
    68,
    16,
    192,
    0,
    0,
    0,
    68,
    16,
    192,
    0,
    0,
    0,
    68,
    16,
    192,
    0,
    0,
    0,
    68,
    16,
    192,
    0,
    0,
    0,
    68,
    16,
    192,
    0,
    0,
    0,
    68,
    16,
    192,
    0,
    0,
    0,
    68,
    16,
    192,
    0,
    0,
    0,
    68,
    16,
    192,
    0,
    0,
    0,
    68,
    16,
    192,
    0,
    0,
    0,
    68,
    16,
    192,
    0,
    0,
    0,
    68,
    16,
    192,
    0,
    0,
    0,
    68,
    16,
    192,
    0,
    0,
    0,
    68,
    16,
    192,
    0,
    0,
    0,
    68,
    16,
    192,
    0,
    0,
    0,
    68,
    16,
    192,
    0,
    0,
    0,
    68,
    16,
    192,
    0,
    0,
    0,
    68,
    16,
    192,
    0,
    0,
    0,
    68,
    16,
    192,
    0,
    0,
    0,
    68,
    16,
    192,
    0,
    0,
    0,
    68,
    16,
    192,
    0,
    0,
    0,
    68,
    16,
    192,
    0,
    0,
    0,
    68,
    16,
    192,
    0,
    0,
    0,
    68,
    16,
    192,
    0,
    0,
    0,
    68,
    16,
    192,
    0,
    0,
    0,
    68,
    16,
    192,
    0,
    0,
    0,
    68,
    16,
    192,
    0,
    0,
    0,
    68,
    16,
    192,
    0,
    0,
    0,
    68,
    16,
    192,
    0,
    0,
    0,
    68,
    16,
    192,
    0,
    0,
    0,
    68,
    16,
    192,
    0,
    0,
    0,
    68,
    16,
    192,
    0,
    0,
    0,
    68,
    16,
    192,
    0,
    0,
    0,
    68,
    16,
    192,
    0,
    0,
    0,
    68,
    16,
    192,
    0,
    0,
    0,
    68,
    16,
    192,
    0,
    0,
    0,
    68,
    16,
    192,
    0,
    0,
    0,
    68,
    16,
    192,
    0,
    0,
    0,
    68,
    16,
    192,
    0,
    0,
    0,
    68,
    16,
    192,
    0,
    0,
    0,
    68,
    16,
    192,
    0,
    0,
    0,
    68,
    16,
    192,
    0,
    0,
    0,
    68,
    16,
    192,
    0,
    0,
    0,
    68,
    16,
    192,
    0,
    0,
    0,
    68,
    16,
    192,
    0,
    0,
    0,
    68,
    16,
    192,
    0,
    0,
    0,
    68,
    16,
    192,
    0,
    0,
    0,
    68,
    16,
    192,
    0,
    0,
    0,
    68,
    16,
    192,
    0,
    0,
    0,
    68,
    16,
    192,
    0,
    0,
    0,
    68,
    16,
    192,
    0,
    0,
    0,
    68,
    16,
    192,
    0,
    0,
    0,
    68,
    16,
    192,
    0,
    0,
    0,
    68,
    16,
    192,
    0,
    0,
    0,
    68,
    16,
    192,
    0,
    0,
    0,
    68,
    16,
    192,
    0,
    0,
    0,
    68,
    16,
    192,
    0,
    0,
    0,
    68,
    16,
    192,
    0,
    0,
    0,
    68,
    16,
    192,
    0,
    0,
    0,
    68,
    16,
    192,
    0,
    0,
    0,
    68,
    16,
    192,
    0,
    0,
    0,
    68,
    16,
    192,
    0,
    0,
    0,
    68,
    16,
    192,
    0,
    0,
    0,
    68,
    16,
    192,
    0,
    0,
    0,
    68,
    16,
    192,
    0,
    0,
    0,
    68,
    16,
    192,
    0,
    0,
    0,
    68,
    16,
    192,
    0,
    0,
    0,
    68,
    16,
    192,
    0,
    0,
    0,
    68,
    16,
    192,
    0,
    0,
    0,
    68,
    16,
    192,
    0,
    0,
    0,
    68,
    16,
    192,
    0,
    0,
    0,
    68,
    16,
    192,
    0,
    0,
    0,
    68,
    16,
    192,
    0,
    21,
    0,
    0,
    18,
    8,
    96,
    0,
    0,
    0,
    34,
    8,
    96,
    0,
    0,
    0,
    34,
    8,
    96,
    0,
    0,
    0,
    34,
    8,
    96,
    0,
    0,
    0,
    34,
    8,
    96,
    0,
    0,
    0,
    34,
    8,
    96,
    0,
    0,
    0,
    34,
    8,
    96,
    0,
    0,
    0,
    34,
    8,
    96,
    0,
    0,
    0,
    34,
    8,
    96,
    0,
    0,
    0,
    34,
    8,
    96,
    0,
    0,
    0,
    34,
    8,
    96,
    0,
    0,
    0,
    34,
    8,
    96,
    0,
    0,
    0,
    34,
    8,
    96,
    0,
    0,
    0,
    34,
    8,
    96,
    0,
    0,
    0,
    34,
    8,
    96,
    0,
    0,
    0,
    34,
    8,
    96,
    0,
    0,
    0,
    34,
    8,
    96,
    0,
    0,
    0,
    34,
    8,
    96,
    0,
    0,
    0,
    34,
    8,
    96,
    0,
    0,
    0,
    34,
    8,
    96,
    0,
    0,
    0,
    34,
    8,
    96,
    0,
    0,
    0,
    34,
    8,
    96,
    0,
    0,
    0,
    34,
    8,
    96,
    0,
    0,
    0,
    34,
    8,
    96,
    0,
    0,
    0,
    34,
    8,
    96,
    0,
    0,
    0,
    34,
    8,
    96,
    0,
    0,
    0,
    34,
    8,
    96,
    0,
    0,
    0,
    34,
    8,
    96,
    0,
    0,
    0,
    34,
    8,
    96,
    0,
    0,
    0,
    34,
    8,
    96,
    0,
    0,
    0,
    34,
    8,
    96,
    0,
    0,
    0,
    34,
    8,
    96,
    0,
    0,
    0,
    34,
    8,
    96,
    0,
    0,
    0,
    34,
    8,
    96,
    0,
    0,
    0,
    34,
    8,
    96,
    0,
    0,
    0,
    34,
    8,
    96,
    0,
    0,
    0,
    34,
    8,
    96,
    0,
    0,
    0,
    34,
    8,
    96,
    0,
    0,
    0,
    34,
    8,
    96,
    0,
    0,
    0,
    34,
    8,
    96,
    0,
    0,
    0,
    34,
    8,
    96,
    0,
    0,
    0,
    34,
    8,
    96,
    0,
    0,
    0,
    34,
    8,
    96,
    0,
    0,
    0,
    34,
    8,
    96,
    0,
    0,
    0,
    34,
    8,
    96,
    0,
    0,
    0,
    34,
    8,
    96,
    0,
    0,
    0,
    34,
    8,
    96,
    0,
    0,
    0,
    34,
    8,
    96,
    0,
    0,
    0,
    34,
    8,
    96,
    0,
    0,
    0,
    34,
    8,
    96,
    0,
    0,
    0,
    34,
    8,
    96,
    0,
    0,
    0,
    34,
    8,
    96,
    0,
    0,
    0,
    34,
    8,
    96,
    0,
    0,
    0,
    34,
    8,
    96,
    0,
    0,
    0,
    34,
    8,
    96,
    0,
    0,
    0,
    34,
    8,
    96,
    0,
    0,
    0,
    34,
    8,
    96,
    0,
    0,
    0,
    34,
    8,
    96,
    0,
    0,
    0,
    34,
    8,
    96,
    0,
    0,
    0,
    34,
    8,
    96,
    0,
    0,
    0,
    34,
    8,
    96,
    0,
    0,
    0,
    34,
    8,
    96,
    0,
    0,
    0,
    34,
    8,
    96,
    0,
    0,
    0,
    34,
    8,
    96,
    0,
    0,
    0,
    34,
    8,
    96,
    0,
    0,
    0,
    34,
    8,
    96,
    0,
    0,
    0,
    34,
    8,
    96,
    0,
    0,
    0,
    34,
    8,
    96,
    0,
    0,
    0,
    34,
    8,
    96,
    0,
    0,
    0,
    34,
    8,
    96,
    0,
    0,
    0,
    34,
    8,
    96,
    0,
    0,
    0,
    34,
    8,
    96,
    0,
    0,
    0,
    34,
    8,
    96,
    0,
    0,
    0,
    34,
    8,
    96,
    0,
    0,
    0,
    34,
    8,
    96,
    0,
    0,
    0,
    34,
    8,
    96,
    0,
    0,
    0,
    34,
    8,
    96,
    0,
    0,
    0,
    34,
    8,
    96,
    0,
    0,
    0,
    34,
    8,
    96,
    0,
    0,
    0,
    34,
    8,
    96,
    0,
    0,
    0,
    34,
    8,
    96,
    0,
    0,
    0,
    34,
    8,
    96,
    0,
    0,
    0,
    34,
    8,
    96,
    0,
    0,
    0,
    34,
    8,
    96,
    0,
    0,
    0,
    34,
    8,
    96,
    0,
    0,
    0,
    34,
    8,
    96,
    0,
    0,
    0,
    34,
    8,
    96,
    0,
    0,
    0,
    34,
    8,
    96,
    0,
    0,
    0,
    34,
    8,
    96,
    0,
    0,
    0,
    34,
    8,
    96,
    0,
    0,
    0,
    34,
    8,
    96,
    0,
    0,
    0,
    34,
    8,
    96,
    0,
    0,
    0,
    34,
    8,
    96,
    0,
    0,
    0,
    34,
    8,
    96,
    0,
    0,
    0,
    34,
    8,
    96,
    0,
    0,
    0,
    34,
    8,
    96,
    0,
    0,
    0,
    34,
    8,
    96,
    0,
    0,
    0,
    34,
    8,
    96,
    0,
    0,
    0,
    34,
    8,
    96,
    0,
    0,
    0,
    34,
    8,
    96,
    0,
    0,
    0,
    34,
    8,
    96,
    0,
    0,
    0,
    34,
    8,
    96,
    0,
    0,
    0,
    34,
    8,
    96,
    0,
    0,
    0,
    34,
    8,
    96,
    0,
    0,
    0,
    34,
    8,
    96,
    0,
    0,
    0,
    34,
    8,
    96,
    0,
    0,
    0,
    34,
    8,
    96,
    0,
    0,
    0,
    34,
    8,
    96,
    0,
    0,
    0,
    34,
    8,
    96,
    0,
    0,
    0,
    34,
    8,
    96,
    0,
    0,
    0,
    34,
    8,
    96,
    0,
    0,
    0,
    34,
    8,
    96,
    0,
    0,
    0,
    34,
    8,
    96,
    0,
    0,
    0,
    34,
    8,
    96,
    0,
    0,
    0,
    34,
    8,
    96,
    0,
    0,
    0,
    34,
    8,
    96,
    0,
    0,
    0,
    34,
    8,
    96,
    0,
    0,
    0,
    34,
    8,
    96,
    0,
    0,
    0,
    34,
    8,
    96,
    0,
    0,
    0,
    34,
    8,
    96,
    0,
    0,
    0,
    34,
    8,
    96,
    0,
    0,
    0,
    34,
    8,
    96,
    0,
    0,
    0,
    34,
    8,
    96,
    0,
    0,
    0,
    34,
    8,
    96,
    0,
    0,
    0,
    34,
    8,
    96,
    0,
    0,
    0,
    34,
    8,
    96,
    0,
    0,
    0,
    34,
    8,
    96,
    0,
    0,
    0,
    34,
    8,
    96,
    0,
    0,
    0,
    34,
    8,
    96,
    0,
    0,
    0,
    34,
    8,
    96,
    0,
    0,
    0,
    34,
    8,
    96,
    0,
    0,
    0,
    34,
    8,
    96,
    0,
    0,
    0,
    34,
    8,
    96,
    0,
    0,
    0,
    34,
    8,
    96,
    0,
    0,
    0,
    34,
    8,
    96,
    0,
    0,
    0,
    34,
    8,
    96,
    0,
    0,
    0,
    34,
    8,
    96,
    0,
    0,
    0,
    34,
    8,
    96,
    0,
    0,
    0,
    34,
    8,
    96,
    0,
    0,
    0,
    34,
    8,
    96,
    0,
    0,
    0,
    34,
    8,
    96,
    0,
    0,
    0,
    34,
    8,
    96,
    0,
    0,
    0,
    34,
    8,
    96,
    0,
    0,
    0,
    34,
    8,
    96,
    0,
    0,
    0,
    34,
    8,
    96,
    0,
    0,
    0,
    34,
    8,
    96,
    0,
    0,
    0,
    34,
    8,
    96,
    0,
    0,
    0,
    34,
    8,
    96,
    0,
    0,
    0,
    34,
    8,
    96,
    0,
    0,
    0,
    34,
    8,
    96,
    0,
    0,
    0,
    34,
    8,
    96,
    0,
    0,
    0,
    34,
    8,
    96,
    0,
    0,
    0,
    34,
    8,
    96,
    0,
    0,
    0,
    34,
    8,
    96,
    0,
    0,
    0,
    34,
    8,
    96,
    0,
    0,
    0,
    34,
    8,
    96,
    0,
    0,
    0,
    34,
    8,
    96,
    0,
    0,
    0,
    34,
    8,
    96,
    0,
    0,
    0,
    34,
    8,
    96,
    0,
    0,
    0,
    34,
    8,
    96,
    0,
    0,
    0,
    34,
    8,
    96,
    0,
    0,
    0,
    34,
    8,
    96,
    0,
    0,
    0,
    34,
    8,
    96,
    0,
    0,
    0,
    34,
    8,
    96,
    0,
    0,
    0,
    34,
    8,
    96,
    0,
    0,
    0,
    34,
    8,
    96,
    0,
    0,
    0,
    34,
    8,
    96,
    0,
    0,
    0,
    34,
    8,
    96,
    0,
    0,
    0,
    34,
    8,
    96,
    0,
    0,
    0,
    34,
    8,
    96,
    0,
    0,
    0,
    34,
    8,
    96,
    0,
    0,
    0,
    34,
    8,
    96,
    0,
    0,
    0,
    34,
    8,
    96,
    0,
    0,
    0,
    34,
    8,
    96,
    0,
    0,
    0,
    34,
    8,
    96,
    0,
    0,
    0,
    34,
    8,
    96,
    0,
    0,
    0,
    34,
    8,
    96,
    0,
    0,
    0,
    34,
    8,
    96,
    0,
    0,
    0,
    34,
    8,
    96,
    0,
    0,
    0,
    34,
    8,
    96,
    0,
    0,
    0,
    34,
    8,
    96,
    0,
    0,
    0,
    34,
    8,
    96,
    0,
    0,
    0,
    34,
    8,
    96,
    0,
    0,
    0,
    34,
    8,
    96,
    0,
    0,
    0,
    34,
    8,
    96,
    0,
    0,
    0,
    34,
    8,
    96,
    0,
    0,
    0,
    34,
    8,
    96,
    0,
    0,
    0,
    34,
    8,
    96,
    0,
    0,
    0,
    34,
    8,
    96,
    0,
    0,
    0,
    34,
    8,
    96,
    0,
    0,
    0,
    34,
    8,
    96,
    0,
    0,
    0,
    34,
    8,
    96,
    0,
    0,
    0,
    34,
    8,
    96,
    0,
    0,
    0,
    34,
    8,
    96,
    0,
    0,
    0,
    34,
    8,
    96,
    0,
    0,
    0,
    34,
    8,
    96,
    0,
    0,
    0,
    34,
    8,
    96,
    0,
    0,
    0,
    34,
    8,
    96,
    0,
    0,
    0,
    34,
    8,
    96,
    0,
    0,
    0,
    34,
    8,
    96,
    0,
    0,
    0,
    34,
    8,
    96,
    0,
    0,
    0,
    34,
    8,
    96,
    0,
    0,
    0,
    34,
    8,
    96,
    0,
    0,
    0,
    34,
    8,
    96,
    0,
    0,
    0,
    34,
    8,
    96,
    0,
    0,
    0,
    34,
    8,
    96,
    0,
    0,
    0,
    34,
    8,
    96,
    0,
    0,
    0,
    34,
    8,
    96,
    0,
    0,
    0,
    34,
    8,
    96,
    0,
    0,
    0,
    34,
    8,
    96,
    0,
    0,
    0,
    34,
    8,
    96,
    0,
    0,
    0,
    34,
    8,
    96,
    0,
    0,
    0,
    34,
    8,
    96,
    0,
    0,
    0,
    34,
    8,
    96,
    0,
    0,
    0,
    34,
    8,
    96,
    0,
    0,
    0,
    34,
    8,
    96,
    0,
    0,
    0,
    34,
    252,
    15,
    0,
    0,
    0,
    255,
    255,
    52,
    67,
    76,
    245,
    0,
    0,
    0,
    6,
    73,
    68,
    65,
    84,
    3,
    0,
    46,
    188,
    145,
    80,
    57,
    250,
    94,
    184,
    0,
    0,
    0,
    0,
    73,
    69,
    78,
    68,
    174,
    66,
    96,
    130,
  ],
  "type": "Buffer",
}
`;

exports[`Logic/GameFlow StartTurnForFirstPlayer play-test: logic-gameflow--start-turn-for-first-player.png 1`] = `
{
  "data": [
    137,
    80,
    78,
    71,
    13,
    10,
    26,
    10,
    0,
    0,
    0,
    13,
    73,
    72,
    68,
    82,
    0,
    0,
    5,
    0,
    0,
    0,
    2,
    208,
    8,
    2,
    0,
    0,
    0,
    64,
    31,
    74,
    1,
    0,
    0,
    16,
    0,
    73,
    68,
    65,
    84,
    120,
    156,
    236,
    215,
    49,
    1,
    0,
    32,
    12,
    192,
    176,
    29,
    248,
    87,
    136,
    141,
    253,
    248,
    160,
    137,
    139,
    156,
    221,
    59,
    0,
    0,
    0,
    240,
    187,
    51,
    0,
    0,
    0,
    16,
    32,
    192,
    0,
    0,
    0,
    36,
    8,
    48,
    0,
    0,
    0,
    9,
    2,
    12,
    0,
    0,
    64,
    130,
    0,
    3,
    0,
    0,
    144,
    32,
    192,
    0,
    0,
    0,
    36,
    8,
    48,
    0,
    0,
    0,
    9,
    2,
    12,
    0,
    0,
    64,
    130,
    0,
    3,
    0,
    0,
    144,
    32,
    192,
    0,
    0,
    0,
    36,
    8,
    48,
    0,
    0,
    0,
    9,
    2,
    12,
    0,
    0,
    64,
    130,
    0,
    3,
    0,
    0,
    144,
    32,
    192,
    0,
    0,
    0,
    36,
    8,
    48,
    0,
    0,
    0,
    9,
    2,
    12,
    0,
    0,
    64,
    130,
    0,
    3,
    0,
    0,
    144,
    32,
    192,
    0,
    0,
    0,
    36,
    8,
    48,
    0,
    0,
    0,
    9,
    2,
    12,
    0,
    0,
    64,
    130,
    0,
    3,
    0,
    0,
    144,
    32,
    192,
    0,
    0,
    0,
    36,
    8,
    48,
    0,
    0,
    0,
    9,
    2,
    12,
    0,
    0,
    64,
    130,
    0,
    3,
    0,
    0,
    144,
    32,
    192,
    0,
    0,
    0,
    36,
    8,
    48,
    0,
    0,
    0,
    9,
    2,
    12,
    0,
    0,
    64,
    130,
    0,
    3,
    0,
    0,
    144,
    32,
    192,
    0,
    0,
    0,
    36,
    8,
    48,
    0,
    0,
    0,
    9,
    2,
    12,
    0,
    0,
    64,
    130,
    0,
    3,
    0,
    0,
    144,
    32,
    192,
    0,
    0,
    0,
    36,
    8,
    48,
    0,
    0,
    0,
    9,
    2,
    12,
    0,
    0,
    64,
    130,
    0,
    3,
    0,
    0,
    144,
    32,
    192,
    0,
    0,
    0,
    36,
    8,
    48,
    0,
    0,
    0,
    9,
    2,
    12,
    0,
    0,
    64,
    130,
    0,
    3,
    0,
    0,
    144,
    32,
    192,
    0,
    0,
    0,
    36,
    8,
    48,
    0,
    0,
    0,
    9,
    2,
    12,
    0,
    0,
    64,
    130,
    0,
    3,
    0,
    0,
    144,
    32,
    192,
    0,
    0,
    0,
    36,
    8,
    48,
    0,
    0,
    0,
    9,
    2,
    12,
    0,
    0,
    64,
    130,
    0,
    3,
    0,
    0,
    144,
    32,
    192,
    0,
    0,
    0,
    36,
    8,
    48,
    0,
    0,
    0,
    9,
    2,
    12,
    0,
    0,
    64,
    130,
    0,
    3,
    0,
    0,
    144,
    32,
    192,
    0,
    0,
    0,
    36,
    8,
    48,
    0,
    0,
    0,
    9,
    2,
    12,
    0,
    0,
    64,
    130,
    0,
    3,
    0,
    0,
    144,
    32,
    192,
    0,
    0,
    0,
    36,
    8,
    48,
    0,
    0,
    0,
    9,
    2,
    12,
    0,
    0,
    64,
    130,
    0,
    3,
    0,
    0,
    144,
    32,
    192,
    0,
    0,
    0,
    36,
    8,
    48,
    0,
    0,
    0,
    9,
    2,
    12,
    0,
    0,
    64,
    130,
    0,
    3,
    0,
    0,
    144,
    32,
    192,
    0,
    0,
    0,
    36,
    8,
    48,
    0,
    0,
    0,
    9,
    2,
    12,
    0,
    0,
    64,
    130,
    0,
    3,
    0,
    0,
    144,
    32,
    192,
    0,
    0,
    0,
    36,
    8,
    48,
    0,
    0,
    0,
    9,
    2,
    12,
    0,
    0,
    64,
    130,
    0,
    3,
    0,
    0,
    144,
    32,
    192,
    0,
    0,
    0,
    36,
    8,
    48,
    0,
    0,
    0,
    9,
    2,
    12,
    0,
    0,
    64,
    130,
    0,
    3,
    0,
    0,
    144,
    32,
    192,
    0,
    0,
    0,
    36,
    8,
    48,
    0,
    0,
    0,
    9,
    2,
    12,
    0,
    0,
    64,
    130,
    0,
    3,
    0,
    0,
    144,
    32,
    192,
    0,
    0,
    0,
    36,
    8,
    48,
    0,
    0,
    0,
    9,
    2,
    12,
    0,
    0,
    64,
    130,
    0,
    3,
    0,
    0,
    144,
    32,
    192,
    0,
    0,
    0,
    36,
    8,
    48,
    0,
    0,
    0,
    9,
    2,
    12,
    0,
    0,
    64,
    130,
    0,
    3,
    0,
    0,
    144,
    32,
    192,
    0,
    0,
    0,
    36,
    8,
    48,
    0,
    0,
    0,
    9,
    2,
    12,
    0,
    0,
    64,
    130,
    0,
    3,
    0,
    0,
    144,
    32,
    192,
    0,
    0,
    0,
    36,
    8,
    48,
    0,
    0,
    0,
    9,
    2,
    12,
    0,
    0,
    64,
    130,
    0,
    3,
    0,
    0,
    144,
    32,
    192,
    0,
    0,
    0,
    36,
    8,
    48,
    0,
    0,
    0,
    9,
    2,
    12,
    0,
    0,
    64,
    130,
    0,
    3,
    0,
    0,
    144,
    32,
    192,
    0,
    0,
    0,
    36,
    8,
    48,
    0,
    0,
    0,
    9,
    2,
    12,
    0,
    0,
    64,
    130,
    0,
    3,
    0,
    0,
    144,
    32,
    192,
    0,
    0,
    0,
    36,
    8,
    48,
    0,
    0,
    0,
    9,
    2,
    12,
    0,
    0,
    64,
    130,
    0,
    3,
    0,
    0,
    144,
    32,
    192,
    0,
    0,
    0,
    36,
    8,
    48,
    0,
    0,
    0,
    9,
    2,
    12,
    0,
    0,
    64,
    130,
    0,
    3,
    0,
    0,
    144,
    32,
    192,
    0,
    0,
    0,
    36,
    8,
    48,
    0,
    0,
    0,
    9,
    2,
    12,
    0,
    0,
    64,
    130,
    0,
    3,
    0,
    0,
    144,
    32,
    192,
    0,
    0,
    0,
    36,
    8,
    48,
    0,
    0,
    0,
    9,
    2,
    12,
    0,
    0,
    64,
    130,
    0,
    3,
    0,
    0,
    144,
    32,
    192,
    0,
    0,
    0,
    36,
    8,
    48,
    0,
    0,
    0,
    9,
    2,
    12,
    0,
    0,
    64,
    130,
    0,
    3,
    0,
    0,
    144,
    32,
    192,
    0,
    0,
    0,
    36,
    8,
    48,
    0,
    0,
    0,
    9,
    2,
    12,
    0,
    0,
    64,
    130,
    0,
    3,
    0,
    0,
    144,
    32,
    192,
    0,
    0,
    0,
    36,
    8,
    48,
    0,
    0,
    0,
    9,
    2,
    12,
    0,
    0,
    64,
    130,
    0,
    3,
    0,
    0,
    144,
    32,
    192,
    0,
    0,
    0,
    36,
    8,
    48,
    0,
    0,
    0,
    9,
    2,
    12,
    0,
    0,
    64,
    130,
    0,
    3,
    0,
    0,
    144,
    32,
    192,
    0,
    0,
    0,
    36,
    8,
    48,
    0,
    0,
    0,
    9,
    2,
    12,
    0,
    0,
    64,
    130,
    0,
    3,
    0,
    0,
    144,
    32,
    192,
    0,
    0,
    0,
    36,
    8,
    48,
    0,
    0,
    0,
    9,
    2,
    12,
    0,
    0,
    64,
    130,
    0,
    3,
    0,
    0,
    144,
    32,
    192,
    0,
    0,
    0,
    36,
    8,
    48,
    0,
    0,
    0,
    9,
    2,
    12,
    0,
    0,
    64,
    130,
    0,
    3,
    0,
    0,
    144,
    32,
    192,
    0,
    0,
    0,
    36,
    8,
    48,
    0,
    0,
    0,
    9,
    2,
    12,
    0,
    0,
    64,
    130,
    0,
    3,
    0,
    0,
    144,
    32,
    192,
    0,
    0,
    0,
    36,
    8,
    48,
    0,
    0,
    0,
    9,
    2,
    12,
    0,
    0,
    64,
    130,
    0,
    3,
    0,
    0,
    144,
    32,
    192,
    0,
    0,
    0,
    36,
    8,
    48,
    0,
    0,
    0,
    9,
    2,
    12,
    0,
    0,
    64,
    130,
    0,
    3,
    0,
    0,
    144,
    32,
    192,
    0,
    0,
    0,
    36,
    8,
    48,
    0,
    0,
    0,
    9,
    2,
    12,
    0,
    0,
    64,
    130,
    0,
    3,
    0,
    0,
    144,
    32,
    192,
    0,
    0,
    0,
    36,
    8,
    48,
    0,
    0,
    0,
    9,
    2,
    12,
    0,
    0,
    64,
    130,
    0,
    3,
    0,
    0,
    144,
    32,
    192,
    0,
    0,
    0,
    36,
    8,
    48,
    0,
    0,
    0,
    9,
    2,
    12,
    0,
    0,
    64,
    130,
    0,
    3,
    0,
    0,
    144,
    32,
    192,
    0,
    0,
    0,
    36,
    8,
    48,
    0,
    0,
    0,
    9,
    2,
    12,
    0,
    0,
    64,
    130,
    0,
    3,
    0,
    0,
    144,
    32,
    192,
    0,
    0,
    0,
    36,
    8,
    48,
    0,
    0,
    0,
    9,
    2,
    12,
    0,
    0,
    64,
    130,
    0,
    3,
    0,
    0,
    144,
    32,
    192,
    0,
    0,
    0,
    36,
    8,
    48,
    0,
    0,
    0,
    9,
    2,
    12,
    0,
    0,
    64,
    130,
    0,
    3,
    0,
    0,
    144,
    32,
    192,
    0,
    0,
    0,
    36,
    8,
    48,
    0,
    0,
    0,
    9,
    2,
    12,
    0,
    0,
    64,
    130,
    0,
    3,
    0,
    0,
    144,
    32,
    192,
    0,
    0,
    0,
    36,
    8,
    48,
    0,
    0,
    0,
    9,
    2,
    12,
    0,
    0,
    64,
    130,
    0,
    3,
    0,
    0,
    144,
    32,
    192,
    0,
    0,
    0,
    36,
    8,
    48,
    0,
    0,
    0,
    9,
    2,
    12,
    0,
    0,
    64,
    130,
    0,
    3,
    0,
    0,
    144,
    32,
    192,
    0,
    0,
    0,
    36,
    8,
    48,
    0,
    0,
    0,
    9,
    2,
    12,
    0,
    0,
    64,
    130,
    0,
    3,
    0,
    0,
    144,
    32,
    192,
    0,
    0,
    0,
    36,
    8,
    48,
    0,
    0,
    0,
    9,
    2,
    12,
    0,
    0,
    64,
    130,
    0,
    3,
    0,
    0,
    144,
    32,
    192,
    0,
    0,
    0,
    36,
    8,
    48,
    0,
    0,
    0,
    9,
    2,
    12,
    0,
    0,
    64,
    130,
    0,
    3,
    0,
    0,
    144,
    32,
    192,
    0,
    0,
    0,
    36,
    8,
    48,
    0,
    0,
    0,
    9,
    2,
    12,
    0,
    0,
    64,
    130,
    0,
    3,
    0,
    0,
    144,
    32,
    192,
    0,
    0,
    0,
    36,
    8,
    48,
    0,
    0,
    0,
    9,
    2,
    12,
    0,
    0,
    64,
    130,
    0,
    3,
    0,
    0,
    144,
    32,
    192,
    0,
    0,
    0,
    36,
    8,
    48,
    0,
    0,
    0,
    9,
    2,
    12,
    0,
    0,
    64,
    130,
    0,
    3,
    0,
    0,
    144,
    32,
    192,
    0,
    0,
    0,
    36,
    8,
    48,
    0,
    0,
    0,
    9,
    2,
    12,
    0,
    0,
    64,
    130,
    0,
    3,
    0,
    0,
    144,
    32,
    192,
    0,
    0,
    0,
    36,
    8,
    48,
    0,
    0,
    0,
    9,
    2,
    12,
    0,
    0,
    64,
    130,
    0,
    3,
    0,
    0,
    144,
    32,
    192,
    0,
    0,
    0,
    36,
    8,
    48,
    0,
    0,
    0,
    9,
    2,
    12,
    0,
    0,
    64,
    130,
    0,
    3,
    0,
    0,
    144,
    32,
    192,
    0,
    0,
    0,
    36,
    8,
    48,
    0,
    0,
    0,
    9,
    2,
    12,
    0,
    0,
    64,
    130,
    0,
    3,
    0,
    0,
    144,
    32,
    192,
    0,
    0,
    0,
    36,
    8,
    48,
    0,
    0,
    0,
    9,
    2,
    12,
    0,
    0,
    64,
    130,
    0,
    3,
    0,
    0,
    144,
    32,
    192,
    0,
    0,
    0,
    36,
    8,
    48,
    0,
    0,
    0,
    9,
    2,
    12,
    0,
    0,
    64,
    130,
    0,
    3,
    0,
    0,
    144,
    32,
    192,
    0,
    0,
    0,
    36,
    8,
    48,
    0,
    0,
    0,
    9,
    2,
    12,
    0,
    0,
    64,
    130,
    0,
    3,
    0,
    0,
    144,
    32,
    192,
    0,
    0,
    0,
    36,
    8,
    48,
    0,
    0,
    0,
    9,
    2,
    12,
    0,
    0,
    64,
    130,
    0,
    3,
    0,
    0,
    144,
    32,
    192,
    0,
    0,
    0,
    36,
    8,
    48,
    0,
    0,
    0,
    9,
    2,
    12,
    0,
    0,
    64,
    130,
    0,
    3,
    0,
    0,
    144,
    32,
    192,
    0,
    0,
    0,
    36,
    8,
    48,
    0,
    0,
    0,
    9,
    2,
    12,
    0,
    0,
    64,
    130,
    0,
    3,
    0,
    0,
    144,
    32,
    192,
    0,
    0,
    0,
    36,
    8,
    48,
    0,
    0,
    0,
    9,
    2,
    12,
    0,
    0,
    64,
    130,
    0,
    3,
    0,
    0,
    144,
    32,
    192,
    0,
    0,
    0,
    36,
    8,
    48,
    0,
    0,
    0,
    9,
    2,
    12,
    0,
    0,
    64,
    130,
    0,
    3,
    0,
    0,
    144,
    32,
    192,
    0,
    0,
    0,
    36,
    8,
    48,
    0,
    0,
    0,
    9,
    2,
    12,
    0,
    0,
    64,
    130,
    0,
    3,
    0,
    0,
    144,
    32,
    192,
    0,
    0,
    0,
    36,
    8,
    48,
    0,
    0,
    0,
    9,
    2,
    12,
    0,
    0,
    64,
    130,
    0,
    3,
    0,
    0,
    144,
    32,
    192,
    0,
    0,
    0,
    36,
    8,
    48,
    0,
    0,
    0,
    9,
    2,
    12,
    0,
    0,
    64,
    130,
    0,
    3,
    0,
    0,
    144,
    32,
    192,
    0,
    0,
    0,
    36,
    8,
    48,
    0,
    0,
    0,
    9,
    2,
    12,
    0,
    0,
    64,
    130,
    0,
    3,
    0,
    0,
    144,
    32,
    192,
    0,
    0,
    0,
    36,
    8,
    48,
    0,
    0,
    0,
    9,
    2,
    12,
    0,
    0,
    64,
    130,
    0,
    3,
    0,
    0,
    144,
    32,
    192,
    0,
    0,
    0,
    36,
    8,
    48,
    0,
    0,
    0,
    9,
    2,
    12,
    0,
    0,
    64,
    130,
    0,
    3,
    0,
    0,
    144,
    32,
    192,
    0,
    0,
    0,
    36,
    8,
    48,
    0,
    0,
    0,
    9,
    2,
    12,
    0,
    0,
    64,
    130,
    0,
    3,
    0,
    0,
    144,
    32,
    192,
    0,
    0,
    0,
    36,
    8,
    48,
    0,
    0,
    0,
    9,
    2,
    12,
    0,
    0,
    64,
    130,
    0,
    3,
    0,
    0,
    144,
    32,
    192,
    0,
    0,
    0,
    36,
    8,
    48,
    0,
    0,
    0,
    9,
    2,
    12,
    0,
    0,
    64,
    130,
    0,
    3,
    0,
    0,
    144,
    32,
    192,
    0,
    0,
    0,
    36,
    8,
    48,
    0,
    0,
    0,
    9,
    2,
    12,
    0,
    0,
    64,
    130,
    0,
    3,
    0,
    0,
    144,
    32,
    192,
    0,
    0,
    0,
    36,
    8,
    48,
    0,
    0,
    0,
    9,
    2,
    12,
    0,
    0,
    64,
    130,
    0,
    3,
    0,
    0,
    144,
    32,
    192,
    0,
    0,
    0,
    36,
    8,
    48,
    0,
    0,
    0,
    9,
    2,
    12,
    0,
    0,
    64,
    130,
    0,
    3,
    0,
    0,
    144,
    32,
    192,
    0,
    0,
    0,
    36,
    8,
    48,
    0,
    0,
    0,
    9,
    2,
    12,
    0,
    0,
    64,
    130,
    0,
    3,
    0,
    0,
    144,
    32,
    192,
    0,
    0,
    0,
    36,
    8,
    48,
    0,
    0,
    0,
    9,
    2,
    12,
    0,
    0,
    64,
    130,
    0,
    3,
    0,
    0,
    144,
    32,
    192,
    0,
    0,
    0,
    36,
    8,
    48,
    0,
    0,
    0,
    9,
    2,
    12,
    0,
    0,
    64,
    130,
    0,
    3,
    0,
    0,
    144,
    32,
    192,
    0,
    0,
    0,
    36,
    8,
    48,
    0,
    0,
    0,
    9,
    2,
    12,
    0,
    0,
    64,
    130,
    0,
    3,
    0,
    0,
    144,
    32,
    192,
    0,
    0,
    0,
    36,
    8,
    48,
    0,
    0,
    0,
    9,
    2,
    12,
    0,
    0,
    64,
    130,
    0,
    3,
    0,
    0,
    144,
    32,
    192,
    0,
    0,
    0,
    36,
    8,
    48,
    0,
    0,
    0,
    9,
    2,
    12,
    0,
    0,
    64,
    130,
    0,
    3,
    0,
    0,
    144,
    32,
    192,
    0,
    0,
    0,
    36,
    8,
    48,
    0,
    0,
    0,
    9,
    2,
    12,
    0,
    0,
    64,
    130,
    0,
    3,
    0,
    0,
    144,
    32,
    192,
    0,
    0,
    0,
    36,
    8,
    48,
    0,
    0,
    0,
    9,
    2,
    12,
    0,
    0,
    64,
    130,
    0,
    3,
    0,
    0,
    144,
    32,
    192,
    0,
    0,
    0,
    36,
    8,
    48,
    0,
    0,
    0,
    9,
    2,
    12,
    0,
    0,
    64,
    130,
    0,
    3,
    0,
    0,
    144,
    32,
    192,
    0,
    0,
    0,
    36,
    8,
    48,
    0,
    0,
    0,
    9,
    2,
    12,
    0,
    0,
    64,
    130,
    0,
    3,
    0,
    0,
    144,
    32,
    192,
    0,
    0,
    0,
    36,
    8,
    48,
    0,
    0,
    0,
    9,
    2,
    12,
    0,
    0,
    64,
    130,
    0,
    3,
    0,
    0,
    144,
    32,
    192,
    0,
    0,
    0,
    36,
    8,
    48,
    0,
    0,
    0,
    9,
    2,
    12,
    0,
    0,
    64,
    130,
    0,
    3,
    0,
    0,
    144,
    32,
    192,
    0,
    0,
    0,
    36,
    8,
    48,
    0,
    0,
    0,
    9,
    2,
    12,
    0,
    0,
    64,
    130,
    0,
    3,
    0,
    0,
    144,
    32,
    192,
    0,
    0,
    0,
    36,
    8,
    48,
    0,
    0,
    0,
    9,
    2,
    12,
    0,
    0,
    64,
    130,
    0,
    3,
    0,
    0,
    144,
    32,
    192,
    0,
    0,
    0,
    36,
    8,
    48,
    0,
    0,
    0,
    9,
    2,
    12,
    0,
    0,
    64,
    130,
    0,
    3,
    0,
    0,
    144,
    32,
    192,
    0,
    0,
    0,
    36,
    8,
    48,
    0,
    0,
    0,
    9,
    2,
    12,
    0,
    0,
    64,
    130,
    0,
    3,
    0,
    0,
    144,
    32,
    192,
    0,
    0,
    0,
    36,
    8,
    48,
    0,
    0,
    0,
    9,
    2,
    12,
    0,
    0,
    64,
    130,
    0,
    3,
    0,
    0,
    144,
    32,
    192,
    0,
    0,
    0,
    36,
    8,
    48,
    0,
    0,
    0,
    9,
    2,
    12,
    0,
    0,
    64,
    130,
    0,
    3,
    0,
    0,
    144,
    32,
    192,
    0,
    0,
    0,
    36,
    8,
    48,
    0,
    0,
    0,
    9,
    2,
    12,
    0,
    0,
    64,
    130,
    0,
    3,
    0,
    0,
    144,
    32,
    192,
    0,
    0,
    0,
    36,
    8,
    48,
    0,
    0,
    0,
    9,
    2,
    12,
    0,
    0,
    64,
    130,
    0,
    3,
    0,
    0,
    144,
    32,
    192,
    0,
    0,
    0,
    36,
    8,
    48,
    0,
    0,
    0,
    9,
    2,
    12,
    0,
    0,
    64,
    130,
    0,
    3,
    0,
    0,
    144,
    32,
    192,
    0,
    0,
    0,
    36,
    8,
    48,
    0,
    0,
    0,
    9,
    2,
    12,
    0,
    0,
    64,
    130,
    0,
    3,
    0,
    0,
    144,
    32,
    192,
    0,
    0,
    0,
    36,
    8,
    48,
    0,
    0,
    0,
    9,
    2,
    12,
    0,
    0,
    64,
    130,
    0,
    3,
    0,
    0,
    144,
    32,
    192,
    0,
    0,
    0,
    36,
    8,
    48,
    0,
    0,
    0,
    9,
    2,
    12,
    0,
    0,
    64,
    130,
    0,
    3,
    0,
    0,
    144,
    32,
    192,
    0,
    0,
    0,
    36,
    8,
    48,
    0,
    0,
    0,
    9,
    2,
    12,
    0,
    0,
    64,
    130,
    0,
    3,
    0,
    0,
    144,
    32,
    192,
    0,
    0,
    0,
    36,
    8,
    48,
    0,
    0,
    0,
    9,
    2,
    12,
    0,
    0,
    64,
    130,
    0,
    3,
    0,
    0,
    144,
    32,
    192,
    0,
    0,
    0,
    36,
    8,
    48,
    0,
    0,
    0,
    9,
    2,
    12,
    0,
    0,
    64,
    130,
    0,
    3,
    0,
    0,
    144,
    32,
    192,
    0,
    0,
    0,
    36,
    8,
    48,
    0,
    0,
    0,
    9,
    2,
    12,
    0,
    0,
    64,
    130,
    0,
    3,
    0,
    0,
    144,
    32,
    192,
    0,
    0,
    0,
    36,
    8,
    48,
    0,
    0,
    0,
    9,
    2,
    12,
    0,
    0,
    64,
    130,
    0,
    3,
    0,
    0,
    144,
    32,
    192,
    0,
    0,
    0,
    36,
    8,
    48,
    0,
    0,
    0,
    9,
    2,
    12,
    0,
    0,
    64,
    130,
    0,
    3,
    0,
    0,
    144,
    32,
    192,
    0,
    0,
    0,
    36,
    8,
    48,
    0,
    0,
    0,
    9,
    2,
    12,
    0,
    0,
    64,
    130,
    0,
    3,
    0,
    0,
    144,
    32,
    192,
    0,
    0,
    0,
    36,
    8,
    48,
    0,
    0,
    0,
    9,
    2,
    12,
    0,
    0,
    64,
    130,
    0,
    3,
    0,
    0,
    144,
    32,
    192,
    0,
    0,
    0,
    36,
    8,
    48,
    0,
    0,
    0,
    9,
    2,
    12,
    0,
    0,
    64,
    130,
    0,
    3,
    0,
    0,
    144,
    32,
    192,
    0,
    0,
    0,
    36,
    8,
    48,
    0,
    0,
    0,
    9,
    2,
    12,
    0,
    0,
    64,
    130,
    0,
    3,
    0,
    0,
    144,
    32,
    192,
    0,
    0,
    0,
    36,
    8,
    48,
    0,
    0,
    0,
    9,
    2,
    12,
    0,
    0,
    64,
    130,
    0,
    3,
    0,
    0,
    144,
    32,
    192,
    0,
    0,
    0,
    36,
    8,
    48,
    0,
    0,
    0,
    9,
    2,
    12,
    0,
    0,
    64,
    130,
    0,
    3,
    0,
    0,
    144,
    32,
    192,
    0,
    0,
    0,
    36,
    8,
    48,
    0,
    0,
    0,
    9,
    2,
    12,
    0,
    0,
    64,
    130,
    0,
    3,
    0,
    0,
    144,
    32,
    192,
    0,
    0,
    0,
    36,
    8,
    48,
    0,
    0,
    0,
    9,
    2,
    12,
    0,
    0,
    64,
    130,
    0,
    3,
    0,
    0,
    144,
    32,
    192,
    0,
    0,
    0,
    36,
    8,
    48,
    0,
    0,
    0,
    9,
    2,
    12,
    0,
    0,
    64,
    130,
    0,
    3,
    0,
    0,
    144,
    32,
    192,
    0,
    0,
    0,
    36,
    8,
    48,
    0,
    0,
    0,
    9,
    2,
    12,
    0,
    0,
    64,
    130,
    0,
    3,
    0,
    0,
    144,
    32,
    192,
    0,
    0,
    0,
    36,
    8,
    48,
    0,
    0,
    0,
    9,
    2,
    12,
    0,
    0,
    64,
    130,
    0,
    3,
    0,
    0,
    144,
    32,
    192,
    0,
    0,
    0,
    36,
    8,
    48,
    0,
    0,
    0,
    9,
    2,
    12,
    0,
    0,
    64,
    130,
    0,
    3,
    0,
    0,
    144,
    32,
    192,
    0,
    0,
    0,
    36,
    8,
    48,
    0,
    0,
    0,
    9,
    2,
    12,
    0,
    0,
    64,
    130,
    0,
    3,
    0,
    0,
    144,
    32,
    192,
    0,
    0,
    0,
    36,
    8,
    48,
    0,
    0,
    0,
    9,
    2,
    12,
    0,
    0,
    64,
    130,
    0,
    3,
    0,
    0,
    144,
    32,
    192,
    0,
    0,
    0,
    36,
    8,
    48,
    0,
    0,
    0,
    9,
    2,
    12,
    0,
    0,
    64,
    130,
    0,
    3,
    0,
    0,
    144,
    32,
    192,
    0,
    0,
    0,
    36,
    8,
    48,
    0,
    0,
    0,
    9,
    2,
    12,
    0,
    0,
    64,
    130,
    0,
    3,
    0,
    0,
    144,
    32,
    192,
    0,
    0,
    0,
    36,
    8,
    48,
    192,
    0,
    0,
    80,
    32,
    192,
    0,
    0,
    0,
    36,
    8,
    48,
    0,
    0,
    0,
    9,
    2,
    12,
    0,
    0,
    64,
    130,
    0,
    3,
    0,
    0,
    144,
    32,
    192,
    0,
    0,
    0,
    36,
    8,
    48,
    0,
    0,
    0,
    9,
    2,
    12,
    0,
    0,
    64,
    130,
    0,
    3,
    0,
    0,
    144,
    32,
    192,
    0,
    0,
    0,
    36,
    8,
    48,
    0,
    0,
    0,
    9,
    2,
    12,
    0,
    0,
    64,
    130,
    0,
    3,
    0,
    0,
    144,
    32,
    192,
    0,
    0,
    0,
    36,
    8,
    48,
    0,
    0,
    0,
    9,
    2,
    12,
    0,
    0,
    64,
    130,
    0,
    3,
    0,
    0,
    144,
    32,
    192,
    0,
    0,
    0,
    36,
    8,
    48,
    0,
    0,
    0,
    9,
    2,
    12,
    0,
    0,
    64,
    130,
    0,
    3,
    0,
    0,
    144,
    32,
    192,
    0,
    0,
    0,
    36,
    8,
    48,
    0,
    0,
    0,
    9,
    2,
    12,
    0,
    0,
    64,
    130,
    0,
    3,
    0,
    0,
    144,
    32,
    192,
    0,
    0,
    0,
    36,
    8,
    48,
    0,
    0,
    0,
    9,
    2,
    12,
    0,
    0,
    64,
    130,
    0,
    3,
    0,
    0,
    144,
    32,
    192,
    0,
    0,
    0,
    36,
    8,
    48,
    0,
    0,
    0,
    9,
    2,
    12,
    0,
    0,
    64,
    130,
    0,
    3,
    0,
    0,
    144,
    32,
    192,
    0,
    0,
    0,
    36,
    8,
    48,
    0,
    0,
    0,
    9,
    2,
    12,
    0,
    0,
    64,
    130,
    0,
    3,
    0,
    0,
    144,
    32,
    192,
    0,
    0,
    0,
    36,
    8,
    48,
    0,
    0,
    0,
    9,
    2,
    12,
    0,
    0,
    64,
    130,
    0,
    3,
    0,
    0,
    144,
    32,
    192,
    0,
    0,
    0,
    36,
    8,
    48,
    0,
    0,
    0,
    9,
    2,
    12,
    0,
    0,
    64,
    130,
    0,
    3,
    0,
    0,
    144,
    32,
    192,
    0,
    0,
    0,
    36,
    8,
    48,
    0,
    0,
    0,
    9,
    2,
    12,
    0,
    0,
    64,
    130,
    0,
    3,
    0,
    0,
    144,
    32,
    192,
    0,
    0,
    0,
    36,
    8,
    48,
    0,
    0,
    0,
    9,
    2,
    12,
    0,
    0,
    64,
    130,
    0,
    3,
    0,
    0,
    144,
    32,
    192,
    0,
    0,
    0,
    36,
    8,
    48,
    0,
    0,
    0,
    9,
    2,
    12,
    0,
    0,
    64,
    130,
    0,
    3,
    0,
    0,
    144,
    32,
    192,
    0,
    0,
    0,
    36,
    8,
    48,
    0,
    0,
    0,
    9,
    2,
    12,
    0,
    0,
    64,
    130,
    0,
    3,
    0,
    0,
    144,
    32,
    192,
    0,
    0,
    0,
    36,
    8,
    48,
    0,
    0,
    0,
    9,
    2,
    12,
    0,
    0,
    64,
    130,
    0,
    3,
    0,
    0,
    144,
    32,
    192,
    0,
    0,
    0,
    36,
    8,
    48,
    0,
    0,
    0,
    9,
    2,
    12,
    0,
    0,
    64,
    130,
    0,
    3,
    0,
    0,
    144,
    32,
    192,
    0,
    0,
    0,
    36,
    8,
    48,
    0,
    0,
    0,
    9,
    2,
    12,
    0,
    0,
    64,
    130,
    0,
    3,
    0,
    0,
    144,
    32,
    192,
    0,
    0,
    0,
    36,
    8,
    48,
    0,
    0,
    0,
    9,
    2,
    12,
    0,
    0,
    64,
    130,
    0,
    3,
    0,
    0,
    144,
    32,
    192,
    0,
    0,
    0,
    36,
    8,
    48,
    0,
    0,
    0,
    9,
    2,
    12,
    0,
    0,
    64,
    130,
    0,
    3,
    0,
    0,
    144,
    32,
    192,
    0,
    0,
    0,
    36,
    8,
    48,
    0,
    0,
    0,
    9,
    2,
    12,
    0,
    0,
    64,
    130,
    0,
    3,
    0,
    0,
    144,
    32,
    192,
    0,
    0,
    0,
    36,
    8,
    48,
    0,
    0,
    0,
    9,
    2,
    12,
    0,
    0,
    64,
    130,
    0,
    3,
    0,
    0,
    144,
    32,
    192,
    0,
    0,
    0,
    36,
    8,
    48,
    0,
    0,
    0,
    9,
    2,
    12,
    0,
    0,
    64,
    130,
    0,
    3,
    0,
    0,
    144,
    32,
    192,
    0,
    0,
    0,
    36,
    8,
    48,
    0,
    0,
    0,
    9,
    2,
    12,
    0,
    0,
    64,
    130,
    0,
    3,
    0,
    0,
    144,
    32,
    192,
    0,
    0,
    0,
    36,
    8,
    48,
    0,
    0,
    0,
    9,
    2,
    12,
    0,
    0,
    64,
    130,
    0,
    3,
    0,
    0,
    144,
    32,
    192,
    0,
    0,
    0,
    36,
    8,
    48,
    0,
    0,
    0,
    9,
    2,
    12,
    0,
    0,
    64,
    130,
    0,
    3,
    0,
    0,
    144,
    32,
    192,
    0,
    0,
    0,
    36,
    8,
    48,
    0,
    0,
    0,
    9,
    2,
    12,
    0,
    0,
    64,
    130,
    0,
    3,
    0,
    0,
    144,
    32,
    192,
    0,
    0,
    0,
    36,
    8,
    48,
    0,
    0,
    0,
    9,
    2,
    12,
    0,
    0,
    64,
    130,
    0,
    3,
    0,
    0,
    144,
    32,
    192,
    0,
    0,
    0,
    36,
    8,
    48,
    0,
    0,
    0,
    9,
    2,
    12,
    0,
    0,
    64,
    130,
    0,
    3,
    0,
    0,
    144,
    32,
    192,
    0,
    0,
    0,
    36,
    8,
    48,
    0,
    0,
    0,
    9,
    2,
    12,
    0,
    0,
    64,
    130,
    0,
    3,
    0,
    0,
    144,
    32,
    192,
    0,
    0,
    0,
    36,
    8,
    48,
    0,
    0,
    0,
    9,
    2,
    12,
    0,
    0,
    64,
    130,
    0,
    3,
    0,
    0,
    144,
    32,
    192,
    0,
    0,
    0,
    36,
    8,
    48,
    0,
    0,
    0,
    9,
    2,
    12,
    0,
    0,
    64,
    130,
    0,
    3,
    0,
    0,
    144,
    32,
    192,
    0,
    0,
    0,
    36,
    8,
    48,
    0,
    0,
    0,
    9,
    2,
    12,
    0,
    0,
    64,
    130,
    0,
    3,
    0,
    0,
    144,
    32,
    192,
    0,
    0,
    0,
    36,
    8,
    48,
    0,
    0,
    0,
    9,
    2,
    12,
    0,
    0,
    64,
    130,
    0,
    3,
    0,
    0,
    144,
    32,
    192,
    0,
    0,
    0,
    36,
    8,
    48,
    0,
    0,
    0,
    9,
    2,
    12,
    0,
    0,
    64,
    130,
    0,
    3,
    0,
    0,
    144,
    32,
    192,
    0,
    0,
    0,
    36,
    8,
    48,
    0,
    0,
    0,
    9,
    2,
    12,
    0,
    0,
    64,
    130,
    0,
    3,
    0,
    0,
    144,
    32,
    192,
    0,
    0,
    0,
    36,
    8,
    48,
    0,
    0,
    0,
    9,
    2,
    12,
    0,
    0,
    64,
    130,
    0,
    3,
    0,
    0,
    144,
    32,
    192,
    0,
    0,
    0,
    36,
    8,
    48,
    0,
    0,
    0,
    9,
    2,
    12,
    0,
    0,
    64,
    130,
    0,
    3,
    0,
    0,
    144,
    32,
    192,
    0,
    0,
    0,
    36,
    8,
    48,
    0,
    0,
    0,
    9,
    2,
    12,
    0,
    0,
    64,
    130,
    0,
    3,
    0,
    0,
    144,
    32,
    192,
    0,
    0,
    0,
    36,
    8,
    48,
    0,
    0,
    0,
    9,
    2,
    12,
    0,
    0,
    64,
    130,
    0,
    3,
    0,
    0,
    144,
    32,
    192,
    0,
    0,
    0,
    36,
    8,
    48,
    0,
    0,
    0,
    9,
    2,
    12,
    0,
    0,
    64,
    130,
    0,
    3,
    0,
    0,
    144,
    32,
    192,
    0,
    0,
    0,
    36,
    8,
    48,
    0,
    0,
    0,
    9,
    2,
    12,
    0,
    0,
    64,
    130,
    0,
    3,
    0,
    0,
    144,
    32,
    192,
    0,
    0,
    0,
    36,
    8,
    48,
    0,
    0,
    0,
    9,
    2,
    12,
    0,
    0,
    64,
    130,
    0,
    3,
    0,
    0,
    144,
    32,
    192,
    0,
    0,
    0,
    36,
    8,
    48,
    0,
    0,
    0,
    9,
    2,
    12,
    0,
    0,
    64,
    130,
    0,
    3,
    0,
    0,
    144,
    32,
    192,
    0,
    0,
    0,
    36,
    8,
    48,
    0,
    0,
    0,
    9,
    2,
    12,
    0,
    0,
    64,
    130,
    0,
    3,
    0,
    0,
    144,
    32,
    192,
    0,
    0,
    0,
    36,
    8,
    48,
    0,
    0,
    0,
    9,
    2,
    12,
    0,
    0,
    64,
    130,
    0,
    3,
    0,
    0,
    144,
    32,
    192,
    0,
    0,
    0,
    36,
    8,
    48,
    0,
    0,
    0,
    9,
    2,
    12,
    0,
    0,
    64,
    130,
    0,
    3,
    0,
    0,
    144,
    32,
    192,
    0,
    0,
    0,
    36,
    8,
    48,
    0,
    0,
    0,
    9,
    2,
    12,
    0,
    0,
    64,
    130,
    0,
    3,
    0,
    0,
    144,
    32,
    192,
    0,
    0,
    0,
    36,
    8,
    48,
    0,
    0,
    0,
    9,
    2,
    12,
    0,
    0,
    64,
    130,
    0,
    3,
    0,
    0,
    144,
    32,
    192,
    0,
    0,
    0,
    36,
    8,
    48,
    0,
    0,
    0,
    9,
    2,
    12,
    0,
    0,
    64,
    130,
    0,
    3,
    0,
    0,
    144,
    32,
    192,
    0,
    0,
    0,
    36,
    8,
    48,
    0,
    0,
    0,
    9,
    2,
    12,
    0,
    0,
    64,
    130,
    0,
    3,
    0,
    0,
    144,
    32,
    192,
    204,
    199,
    236,
    198,
    0,
    0,
    0,
    73,
    73,
    68,
    65,
    84,
    0,
    0,
    0,
    36,
    8,
    48,
    0,
    0,
    0,
    9,
    2,
    12,
    0,
    0,
    64,
    130,
    0,
    3,
    0,
    0,
    144,
    32,
    192,
    0,
    0,
    0,
    36,
    8,
    48,
    0,
    0,
    0,
    9,
    2,
    12,
    0,
    0,
    64,
    130,
    0,
    3,
    0,
    0,
    144,
    32,
    192,
    0,
    0,
    0,
    36,
    8,
    48,
    0,
    0,
    0,
    9,
    2,
    12,
    0,
    0,
    64,
    130,
    0,
    3,
    0,
    0,
    144,
    240,
    0,
    0,
    0,
    255,
    255,
    40,
    172,
    33,
    214,
    0,
    0,
    0,
    6,
    73,
    68,
    65,
    84,
    3,
    0,
    30,
    131,
    14,
    7,
    229,
    48,
    86,
    54,
    0,
    0,
    0,
    0,
    73,
    69,
    78,
    68,
    174,
    66,
    96,
    130,
  ],
  "type": "Buffer",
}
`;
